C251 COMPILER V5.60.0,  adc                                                                11/05/26  21:31:09  PAGE 1   


C251 COMPILER V5.60.0, COMPILATION OF MODULE adc
OBJECT MODULE PLACED IN .\out_file\adc.obj
COMPILER INVOKED BY: D:\keil_MDK\C251\BIN\C251.EXE adc.c LARGE NOALIAS WARNINGLEVEL(3) OPTIMIZE(0,SIZE) BROWSE INCDIR(..
                    -\..\libraries\zf_common;..\..\libraries\zf_components;..\..\libraries\zf_device;..\..\libraries\zf_driver;..\user;..\cod
                    -e) DEBUG PRINT(.\out_file\adc.lst) TABS(2) OBJECT(.\out_file\adc.obj) 

stmt  level    source

    1          #include "adc.h"
    2          
    3          static uint16 ADC_original[4][ADC_Sample_Num] = {0};
    4          float ADC_temp[4] = {0};
    5          float L = 0, LM = 0, RM = 0, R = 0;
    6          
    7          void my_adc_init(void)
    8          {
    9   1        adc_init(ADC_L_CH,  ADC_10BIT);
   10   1        adc_init(ADC_LM_CH, ADC_10BIT);
   11   1        adc_init(ADC_R_CH,  ADC_10BIT);
   12   1        adc_init(ADC_RM_CH, ADC_10BIT);
   13   1      }
   14          
   15          static uint16 adc_sample(adc_channel_enum ch)
   16          {
   17   1        uint16 temp, sum = 0, max_v, min_v;
   18   1        uint8 i;
   19   1      
   20   1        temp = adc_convert(ch);
   21   1        max_v = temp;
   22   1        min_v = temp;
   23   1        sum += temp;
   24   1      
   25   1        for (i = 0; i < 10; i++)
   26   1        {
   27   2          temp = adc_convert(ch);
   28   2          if (max_v < temp) max_v = temp;
   29   2          if (min_v > temp) min_v = temp;
   30   2          sum += temp;
   31   2        }
   32   1      
   33   1        return (sum - max_v - min_v) / 9;
   34   1      }
   35          
   36          void siai_adc_all_sample(void)
   37          {
   38   1        ADC_temp[0] = adc_sample(ADC_L_CH);
   39   1        ADC_temp[1] = adc_sample(ADC_LM_CH);
   40   1        ADC_temp[2] = adc_sample(ADC_R_CH);
   41   1        ADC_temp[3] = adc_sample(ADC_RM_CH);
   42   1      }
   43          
   44          void adc_normalizing(void)
   45          {
   46   1        L  = 100.0f * (ADC_temp[0] - 0) / (1000 - 0);
   47   1        LM = 100.0f * (ADC_temp[1] - 0) / (1000 - 0);
   48   1        RM = 100.0f * (ADC_temp[3] - 0) / (1000 - 0);
   49   1        R  = 100.0f * (ADC_temp[2] - 0) / (1000 - 0);
   50   1      
   51   1        if (L  > 100) L  = 100;
   52   1        if (LM > 100) LM = 100;
   53   1        if (RM > 100) RM = 100;
   54   1        if (R  > 100) R  = 100;
   55   1      }
   56          
   57          float deviation;
C251 COMPILER V5.60.0,  adc                                                                11/05/26  21:31:09  PAGE 2   

   58          struct ADC adc_set_differ = {1.0f, 2.3f, 1.2f};
   59          
   60          void adc_differ(void)
   61          {
   62   1        float sub, add;
   63   1      
   64   1        sub = adc_set_differ.A * (L - R) + adc_set_differ.B * (LM - RM);
   65   1        {
   66   2          float diff = LM - RM;
   67   2          if (diff < 0) diff = -diff;
   68   2          add = adc_set_differ.A * (L + R) + adc_set_differ.C * diff;
   69   2        }
   70   1        deviation = -(sub * 100.0f) / (add + 1);
   71   1      }


Module Information          Static   Overlayable
------------------------------------------------
  code size            =       963     ------
  ecode size           =    ------     ------
  data size            =    ------     ------
  idata size           =    ------     ------
  pdata size           =    ------     ------
  xdata size           =       127     ------
  xdata-const size     =    ------     ------
  edata size           =    ------     ------
  bit size             =    ------     ------
  ebit size            =    ------     ------
  bitaddressable size  =    ------     ------
  ebitaddressable size =    ------     ------
  far data size        =    ------     ------
  huge data size       =    ------     ------
  const size           =    ------     ------
  hconst size          =       135     ------
End of Module Information.


C251 COMPILATION COMPLETE.  0 WARNING(S),  0 ERROR(S)
