C251 COMPILER V5.60.0,  aoi_function                                                       27/05/26  16:27:41  PAGE 1   


C251 COMPILER V5.60.0, COMPILATION OF MODULE aoi_function
OBJECT MODULE PLACED IN .\out_file\aoi_function.obj
COMPILER INVOKED BY: D:\keil_MDK\C251\BIN\C251.EXE aoi_function.c LARGE NOALIAS WARNINGLEVEL(3) OPTIMIZE(0,SIZE) BROWSE 
                    -INCDIR(..\..\libraries\zf_common;..\..\libraries\zf_components;..\..\libraries\zf_device;..\..\libraries\zf_driver;..\us
                    -er;..\code) DEBUG PRINT(.\out_file\aoi_function.lst) TABS(2) OBJECT(.\out_file\aoi_function.obj) 

stmt  level    source

    1          #include "aoi_function.h"
    2          
    3          int32 abs_int32(int32 num)
    4          {
    5   1        if (num < 0) num = -num;
    6   1        return num;
    7   1      }
    8          
    9          static void compare_swap(uint16 *a, uint16 *b)
   10          {
   11   1        if (*a > *b)
   12   1        {
   13   2          uint16 t = *a;
   14   2          *a = *b;
   15   2          *b = t;
   16   2        }
   17   1      }
   18          
   19          uint16 sort_seven(uint16 arr[7])
   20          {
   21   1        compare_swap(&arr[0], &arr[1]);
   22   1        compare_swap(&arr[2], &arr[3]);
   23   1        compare_swap(&arr[4], &arr[5]);
   24   1        compare_swap(&arr[0], &arr[2]);
   25   1        compare_swap(&arr[1], &arr[3]);
   26   1        compare_swap(&arr[2], &arr[4]);
   27   1        compare_swap(&arr[3], &arr[5]);
   28   1        compare_swap(&arr[5], &arr[6]);
   29   1        compare_swap(&arr[3], &arr[5]);
   30   1        compare_swap(&arr[1], &arr[3]);
   31   1        compare_swap(&arr[0], &arr[1]);
   32   1        compare_swap(&arr[2], &arr[3]);
   33   1        compare_swap(&arr[4], &arr[5]);
   34   1        compare_swap(&arr[1], &arr[2]);
   35   1        compare_swap(&arr[3], &arr[4]);
   36   1        compare_swap(&arr[2], &arr[3]);
   37   1        compare_swap(&arr[6], &arr[5]);
   38   1        compare_swap(&arr[5], &arr[4]);
   39   1        compare_swap(&arr[4], &arr[3]);
   40   1        compare_swap(&arr[3], &arr[2]);
   41   1        compare_swap(&arr[2], &arr[1]);
   42   1        compare_swap(&arr[1], &arr[0]);
   43   1        compare_swap(&arr[0], &arr[1]);
   44   1        compare_swap(&arr[1], &arr[2]);
   45   1        compare_swap(&arr[2], &arr[3]);
   46   1        compare_swap(&arr[3], &arr[4]);
   47   1        compare_swap(&arr[4], &arr[5]);
   48   1        compare_swap(&arr[5], &arr[6]);
   49   1      
   50   1        return arr[3];
   51   1      }
   52          
   53          void initSlidingAverage(SlidingAverageFilter* filter, int N)
   54          {
   55   1        uint8 i;
   56   1      
   57   1        if (N > MAX_WINDOW_SIZE)
C251 COMPILER V5.60.0,  aoi_function                                                       27/05/26  16:27:41  PAGE 2   

   58   1          N = MAX_WINDOW_SIZE;
   59   1      
   60   1        for (i = 0; i < MAX_WINDOW_SIZE; i++)
   61   1          filter->buffer[i] = 0.0f;
   62   1        filter->sum = 0.0f;
   63   1        filter->index = 0;
   64   1        filter->count = 0;
   65   1        filter->window_size = N;
   66   1      }
   67          
   68          void slidingAverage(float now_speed, float* avg_speed, SlidingAverageFilter* filter)
   69          {
   70   1        filter->sum -= filter->buffer[filter->index];
   71   1        filter->buffer[filter->index] = now_speed;
   72   1        filter->sum += now_speed;
   73   1        filter->index = (filter->index + 1) % filter->window_size;
   74   1      
   75   1        if (filter->count < filter->window_size)
   76   1          filter->count++;
   77   1      
   78   1        *avg_speed = filter->sum / filter->count;
   79   1      }


Module Information          Static   Overlayable
------------------------------------------------
  code size            =      1582     ------
  ecode size           =    ------     ------
  data size            =    ------     ------
  idata size           =    ------     ------
  pdata size           =    ------     ------
  xdata size           =        37     ------
  xdata-const size     =    ------     ------
  edata size           =    ------     ------
  bit size             =    ------     ------
  ebit size            =    ------     ------
  bitaddressable size  =    ------     ------
  ebitaddressable size =    ------     ------
  far data size        =    ------     ------
  huge data size       =    ------     ------
  const size           =    ------     ------
  hconst size          =    ------     ------
End of Module Information.


C251 COMPILATION COMPLETE.  0 WARNING(S),  0 ERROR(S)
