C251 COMPILER V5.60.0,  auto_menu                                                          30/03/26  22:34:24  PAGE 1   


C251 COMPILER V5.60.0, COMPILATION OF MODULE auto_menu
OBJECT MODULE PLACED IN .\out_file\auto_menu.obj
COMPILER INVOKED BY: C:\Keil_v5\C251\BIN\C251.EXE auto_menu.c LARGE NOALIAS WARNINGLEVEL(3) OPTIMIZE(0,SIZE) BROWSE INCD
                    -IR(..\..\libraries\zf_common;..\..\libraries\zf_components;..\..\libraries\zf_device;..\..\libraries\zf_driver;..\user;.
                    -.\code) DEBUG PRINT(.\out_file\auto_menu.lst) TABS(2) OBJECT(.\out_file\auto_menu.obj) 

stmt  level    source

    1          #include "auto_menu.h"
    2          
    3          /*=======================================================================================================
             -============
    4                                              智能车多级菜单与参数系统使用说明书
    5          =========================================================================================================
             -============
    6          
    7          一、 按键操作说明 (Key Mapping)
    8          ---------------------------------------------------------------------------------------------------------
             -------------
    9              Button 1 (P20_6): [返回/取消]  退出当前菜单，或退出编辑模式。
   10              Button 2 (P20_7): [确认/进入]  进入子菜单，或进入参数编辑模式(光标变*)，或执行功能函数。
   11              Button 3 (P11_2): [上翻/增加]  向上移动光标，或增加参数数值。
   12              Button 4 (P11_3): [下翻/减少]  向下移动光标，或减少参数数值。
   13              需要修改按键引脚请在key.h中修改
   14          
   15          二、 核心功能说明
   16          ---------------------------------------------------------------------------------------------------------
             -------------
   17              1. [普通参数] (NORMAL_PAR): 可以查看，按下确认键后可修改数值。
   18              2. [只读参数] (READ_ONLY_PAR): 仅用于显示传感器数据(如电感、陀螺仪)，不可修改。
   19              3. [功能函数] (USE_FUN): 按下确认键后执行特定函数(如看图像)。
   20          
   21          =========================================================================================================
             -==========*/
   22          
   23          uint8 button1=0,button2=0,button3=0,button4=0;
   24          
   25          // 页面状态标志位
   26          uint8 first_in_page_flag = 0;   // 首次进入页面标志
   27          uint8 is_clear_flag=0;          // 清屏标志
   28          
   29          // 坐标索引指针
   30          uint8* p_index_xy_dad,*p_index_xy_son;
   31          
   32          // 菜单节点指针
   33          static menu_unit* p_unit      = NULL; // 当前选中的菜单单元
   34          static menu_unit* p_unit_last = NULL; // 上一次选中的菜单单元
   35          static menu_unit* P_dad_head  = NULL; // 父菜单链表头指针
   36          
   37          // 父菜单页数计数
   38          uint8 DAD_NUM=1;
   39          
   40          // 静态内存池分配
   41          menu_unit   my_menu_unit[MEM_SIZE];
   42          param_set   my_param_set[MEM_SIZE];
   43          uint8       my_index[MEM_SIZE*2];
   44          static int  static_cnt=0;
   45          
   46          // 全局状态机：0=浏览模式(导航), 1=编辑模式(修改数值)
   47          uint8 is_editing_mode = 0;
   48          
   49          //-------------------------------------------------------------------------------------------------------
             -------------
   50          // 函数简介      辅助菜单显示函数
   51          //-------------------------------------------------------------------------------------------------------
C251 COMPILER V5.60.0,  auto_menu                                                          30/03/26  22:34:24  PAGE 2   

             -------------
   52          void assist_menu()
   53          {
   54   1          char display_buf[50]; // 用于存放临时生成的字符串
   55   1          menu_unit* p_start;
   56   1          menu_unit* p_curr;
   57   1          uint8 i;
   58   1          uint16 x, y;
   59   1      
   60   1          // 1. 找到当前页的起始节点
   61   1          p_start = p_unit->back->enter;
   62   1          p_curr = p_start;
   63   1      
   64   1          // 2. 循环遍历本页所有节点
   65   1          for(i=0; i<SON_NUM; i++)
   66   1          {
   67   2              get_node_string(p_curr, display_buf);
   68   2      
   69   2              x = SON_INDEX(p_curr->m_index[1], 0) + MOUSE_DIS;
   70   2              y = SON_INDEX(p_curr->m_index[1], 1);
   71   2      
   72   2              showstr(x, y, display_buf);
   73   2      
   74   2              // 5. 绘制光标逻辑
   75   2              if(p_curr == p_unit)
   76   2              {
   77   3                  if(is_editing_mode)
   78   3                      showstr(x - MOUSE_DIS, y, "*"); // 编辑模式显示 *
   79   3                  else
   80   3                      showstr(x - MOUSE_DIS, y, ">"); // 浏览模式显示 >
   81   3              }
   82   2              else
   83   2              {
   84   3                  showstr(x - MOUSE_DIS, y, " ");
   85   3              }
   86   2      
   87   2              // 6. 移动到下一个节点
   88   2              p_curr = p_curr->down;
   89   2      
   90   2              // 7. 特殊处理：如果不满一页，则提前退出循环
   91   2              if(p_curr == p_start && i != SON_NUM - 1) break;
   92   2          }
   93   1      }
   94          
   95          //-------------------------------------------------------------------------------------------------------
             -------------
   96          // 函数简介      获取菜单节点显示字符串
   97          //-------------------------------------------------------------------------------------------------------
             -------------
   98          void get_node_string(menu_unit* p, char* buffer)
   99          {
  100   1          void* val;
  101   1          float f_val;
  102   1          int i_part, d_part;
  103   1          double d_val;
  104   1      
  105   1          if(p->type_t == USE_FUN)
  106   1          {
  107   2              sprintf(buffer, "%s", p->name);
  108   2              return;
  109   2          }
  110   1      
  111   1          val = p->par_set->p_par;
  112   1          if(val == NULL)
  113   1          {
  114   2              sprintf(buffer, "%s:NULL", p->name);
C251 COMPILER V5.60.0,  auto_menu                                                          30/03/26  22:34:24  PAGE 3   

  115   2              return;
  116   2          }
  117   1      
  118   1          switch(p->par_set->par_type)
  119   1          {
  120   2              case TYPE_FLOAT:
  121   2                  f_val = *(float*)val;
  122   2                  i_part = (int)f_val;
  123   2                  d_part = (int)((f_val - i_part) * 100); 
  124   2                  if(d_part < 0) d_part = -d_part; 
  125   2                  sprintf(buffer, "%s:%d.%02d  ", p->name, i_part, d_part); 
  126   2                  break;
  127   2      
  128   2              case TYPE_DOUBLE:
  129   2                  d_val = *(double*)val;
  130   2                  i_part = (int)d_val;
  131   2                  d_part = (int)((d_val - i_part) * 100);
  132   2                  if(d_part < 0) d_part = -d_part;
  133   2                  sprintf(buffer, "%s:%d.%02d  ", p->name, i_part, d_part);
  134   2                  break;
  135   2      
  136   2              case TYPE_INT:
  137   2                  sprintf(buffer, "%s:%d  ", p->name, *(int*)val);
  138   2                  break;
  139   2      
  140   2              case TYPE_UINT16:
  141   2                  sprintf(buffer, "%s:%u  ", p->name, *(uint16*)val);
  142   2                  break;
  143   2      
  144   2              case TYPE_UINT32:
  145   2                  sprintf(buffer, "%s:%u  ", p->name, (unsigned int)*(uint32*)val);
  146   2                  break;
  147   2      
  148   2              case TYPE_BOOL:
  149   2                   sprintf(buffer, "%s:%s  ", p->name, (*(uint8*)val)?"ON ":"OFF");
  150   2                   break;
  151   2      
  152   2              default:
  153   2                  sprintf(buffer, "%s:Err  ", p->name);
  154   2                  break;
  155   2          }
  156   1      }
  157          
  158          // 函数指针变量
  159          void (*current_operation_menu)(void);
  160          
  161          //-------------------------------------------------------------------------------------------------------
             -------------
  162          // 函数简介      父菜单名称初始化
  163          //-------------------------------------------------------------------------------------------------------
             -------------
  164          void dad_name_init()
  165          {
  166   1          char p[STR_LEN_MAX];
  167   1          uint8 i;
  168   1      
  169   1          memset(p, 0, STR_LEN_MAX);
  170   1          strcpy(p, "Page ");
  171   1      
  172   1          DAD_NUM = IND1 + 1;
  173   1          for(i=0; i<DAD_NUM; i++)
  174   1          {
  175   2              if(i<10)
  176   2              {
  177   3                  p[5] = '0'+ i;
  178   3                  strcpy(P_dad_head->name, p);
C251 COMPILER V5.60.0,  auto_menu                                                          30/03/26  22:34:24  PAGE 4   

  179   3              }
  180   2              else
  181   2              {
  182   3                  p[5] = '0'+ i/10;
  183   3                  p[6] = '0'+ i%10;
  184   3                  strcpy(P_dad_head->name, p);
  185   3              }
  186   2              P_dad_head = P_dad_head->up;
  187   2          }
  188   1      }
  189          
  190          //-------------------------------------------------------------------------------------------------------
             -------------
  191          // 函数简介      构建子菜单链表连接
  192          //-------------------------------------------------------------------------------------------------------
             -------------
  193          void son_link(menu_unit *p_1,menu_unit *p_2,menu_unit *dad)
  194          {
  195   1              p_1->up     =   p_2;
  196   1              p_2->down   =   p_1;
  197   1              p_1->enter  =   p_1;
  198   1              p_2->enter  =   p_2;
  199   1              p_1->back   =   dad;
  200   1              p_2->back   =   dad;
  201   1      }
  202          
  203          //-------------------------------------------------------------------------------------------------------
             -------------
  204          // 函数简介      构建父菜单链表连接
  205          //-------------------------------------------------------------------------------------------------------
             -------------
  206          void dad_link(menu_unit *p_1,menu_unit *p_2,menu_unit *son)
  207          {
  208   1          p_1-> up    = p_2;
  209   1          p_2-> down  = p_1;
  210   1          p_1-> back  = p_1;
  211   1          p_2-> back  = p_2;
  212   1          if(son!=NULL)
  213   1              p_1->enter  =   son;
  214   1      }
  215          
  216          //-------------------------------------------------------------------------------------------------------
             -------------
  217          // 函数简介      菜单单元默认初始化
  218          //-------------------------------------------------------------------------------------------------------
             -------------
  219          void unit_default(menu_unit *p,uint8 ind)
  220          {
  221   1          p->type_t = USE_FUN;
  222   1          p->current_operation = NULL_FUN;
  223   1          p->m_index[0]=ind;
  224   1          p->m_index[1]=255;
  225   1      }
  226          
  227          //-------------------------------------------------------------------------------------------------------
             -------------
  228          // 函数简介      菜单索引初始化
  229          //-------------------------------------------------------------------------------------------------------
             -------------
  230          void unit_index_init(menu_unit *_p1,uint8 ind_0,uint8 ind_1)
  231          {
  232   1          _p1->m_index[0]=ind_0;
  233   1          _p1->m_index[1]=ind_1;
  234   1      }
  235          
  236          //-------------------------------------------------------------------------------------------------------
C251 COMPILER V5.60.0,  auto_menu                                                          30/03/26  22:34:24  PAGE 5   

             -------------
  237          // 函数简介      配置一个参数菜单项
  238          //-------------------------------------------------------------------------------------------------------
             -------------
  239          void unit_param_set(void* p_param, type_value t, float delta, uint8 num, uint8 point_num, unit_type t1, c
             -onst char _name[STR_LEN_MAX])
  240          {
  241   1          menu_unit *p1 = NULL;
  242   1          param_set *p1_par = NULL;
  243   1          static menu_unit *dad;
  244   1      
  245   1          p1 = my_menu_unit + static_cnt;
  246   1          p1_par = my_param_set + static_cnt;
  247   1          static_cnt++;
  248   1      
  249   1          if(P_dad_head == NULL)
  250   1          {
  251   2              dad = my_menu_unit + static_cnt;
  252   2              static_cnt++;
  253   2              P_dad_head = dad;
  254   2              unit_default(dad, 0);
  255   2              p_unit = dad;
  256   2      
  257   2              unit_index_init(p1, 0, 0);
  258   2              dad_link(dad, dad, p1);
  259   2              son_link(p1, p1, dad); 
  260   2          }
  261   1          else
  262   1          {
  263   2              if(IND2 >= SON_NUM - 1)
  264   2              {
  265   3                  dad = my_menu_unit + static_cnt;
  266   3                  static_cnt++;
  267   3                  unit_default(dad, IND1 + 1);
  268   3                  unit_index_init(p1, IND1 + 1, 0);
  269   3      
  270   3                  dad_link(P_dad_head->down, dad, NULL);
  271   3                  dad_link(dad, P_dad_head, p1);
  272   3                  son_link(p1, p1, dad);
  273   3              }
  274   2              else
  275   2              {
  276   3                  unit_index_init(p1, IND1, IND2 + 1);
  277   3                  son_link(SON_END_UNIT, p1, P_dad_head->down);
  278   3                  son_link(p1, SON_BEGIN_UNIT, P_dad_head->down);
  279   3              }
  280   2          }
  281   1      
  282   1          p1->par_set = p1_par;
  283   1          p1->par_set->p_par = p_param;
  284   1          p1->par_set->par_type = t;
  285   1          p1->par_set->delta = delta;
  286   1          p1->par_set->num = num;
  287   1          p1->par_set->point_num = point_num;
  288   1          p1->type_t = t1; 
  289   1      
  290   1          memset(p1->name, 0, STR_LEN_MAX);
  291   1          strcpy(p1->name, _name);
  292   1      }
  293          
  294          //-------------------------------------------------------------------------------------------------------
             -------------
  295          // 函数简介      配置一个函数菜单项
  296          //-------------------------------------------------------------------------------------------------------
             -------------
  297          void fun_init(void (*fun)(void), const char* _name)
C251 COMPILER V5.60.0,  auto_menu                                                          30/03/26  22:34:24  PAGE 6   

  298          {
  299   1          menu_unit *p2 = NULL;
  300   1          menu_unit *p1 = NULL;
  301   1          uint8 i;
  302   1      
  303   1          p1 = my_menu_unit+static_cnt;
  304   1          static_cnt++;
  305   1          p1->par_set = NULL;
  306   1      
  307   1          if(IND2>=SON_NUM-1)
  308   1          {
  309   2              p2 = my_menu_unit+static_cnt;
  310   2              static_cnt++;
  311   2              unit_default(p2,IND1+1);
  312   2              unit_index_init(p1,IND1+1,0);
  313   2              dad_link(P_dad_head->down,p2,NULL);
  314   2              dad_link(p2,P_dad_head,p1);
  315   2              son_link(p1,p1,p2);
  316   2          }
  317   1          else
  318   1          {
  319   2              unit_index_init(p1,IND1,IND2+1);
  320   2              son_link(SON_END_UNIT,p1,P_dad_head->down);
  321   2              son_link(p1,SON_BEGIN_UNIT,P_dad_head->down);
  322   2          }
  323   1      
  324   1          p1->current_operation = fun;
  325   1          for(i=0;i<STR_LEN_MAX;i++)p1->name[i]=0;
  326   1          strcpy(p1->name, _name);
  327   1          p1->type_t = USE_FUN;
  328   1      }
  329          
  330          //-------------------------------------------------------------------------------------------------------
             -------------
  331          // 函数简介      初始化显示坐标索引表
  332          //-------------------------------------------------------------------------------------------------------
             -------------
  333          void index_xy_init()
  334          {
  335   1          uint8 half;
  336   1          uint8 i;
  337   1      
  338   1          p_index_xy_dad = my_index;
  339   1          p_index_xy_son = my_index+DAD_NUM*2;
  340   1          
  341   1          half = (DAD_NUM+1)/2;
  342   1      
  343   1          for(i=0;i<half;i++)
  344   1          {
  345   2              DAD_INDEX(i,0)=DIS_X*0;
  346   2              DAD_INDEX(i,1)=DIS_Y*i;
  347   2          }
  348   1          for(i=half;i<DAD_NUM;i++)
  349   1          {
  350   2              DAD_INDEX(i,0)=DIS_X*1;
  351   2              DAD_INDEX(i,1)=DIS_Y*(i-half);
  352   2          }
  353   1      
  354   1          for(i=0;i<SON_NUM;i++)
  355   1          {
  356   2              SON_INDEX(i,0)=DIS_X*0;
  357   2              SON_INDEX(i,1)=DIS_Y*i;
  358   2          }
  359   1      }
  360          
  361          //-------------------------------------------------------------------------------------------------------
C251 COMPILER V5.60.0,  auto_menu                                                          30/03/26  22:34:24  PAGE 7   

             -------------
  362          // 函数简介      检测是否需要清屏
  363          //-------------------------------------------------------------------------------------------------------
             -------------
  364          uint8 is_menu_clear()
  365          {
  366   1          return (((p_unit->back)!=(p_unit))&&button1)||(((p_unit->enter)!=(p_unit))&&button2);
  367   1      }
  368          
  369          uint8 begin_menu_flag=1;
  370          
  371          //-------------------------------------------------------------------------------------------------------
             -------------
  372          // 函数简介      父级菜单显示函数
  373          //-------------------------------------------------------------------------------------------------------
             -------------
  374          void center_menu()
  375          {
  376   1          uint8 index;
  377   1          menu_unit* p;
  378   1          uint8 i;
  379   1      
  380   1          index = p_unit->m_index[0];
  381   1          p = p_unit;
  382   1      
  383   1          if(first_in_page_flag)
  384   1              showstr(DAD_INDEX(index,0),DAD_INDEX(index,1),MOUSE_LOOK); 
  385   1      
  386   1          if(button3||button4)
  387   1          {
  388   2              if(index==0)
  389   2              {
  390   3                  showstr(DAD_INDEX(DAD_NUM-1,0),DAD_INDEX(DAD_NUM-1,1)," ");
  391   3                  showstr(DAD_INDEX(0,0) ,DAD_INDEX(0,1),MOUSE_LOOK);
  392   3                  showstr(DAD_INDEX(1,0) ,DAD_INDEX(1,1)," ");
  393   3              }
  394   2              else if(index==DAD_NUM-1)
  395   2              {
  396   3                  showstr(DAD_INDEX(DAD_NUM-2,0),DAD_INDEX(DAD_NUM-2,1)," ");
  397   3                  showstr(DAD_INDEX(DAD_NUM-1,0),DAD_INDEX(DAD_NUM-1,1),MOUSE_LOOK);
  398   3                  showstr(DAD_INDEX(0,0) ,DAD_INDEX(0,1) ," ");
  399   3              }
  400   2              else
  401   2              {
  402   3                  showstr(DAD_INDEX(index-1,0),DAD_INDEX(index-1,1)," ");
  403   3                  showstr(DAD_INDEX(index  ,0),DAD_INDEX(index  ,1),MOUSE_LOOK);
  404   3                  showstr(DAD_INDEX(index+1,0),DAD_INDEX(index+1,1)," ");
  405   3              }
  406   2          }
  407   1          else if((is_clear_flag==1&&(button1))||(begin_menu_flag))
  408   1          {
  409   2              for(i=0;i<DAD_NUM;i++)
  410   2              {
  411   3                  showstr(DAD_INDEX(p->m_index[0],0)+MOUSE_DIS,DAD_INDEX(p->m_index[0],1),p->name);
  412   3                  p = p->up;
  413   3              }
  414   2              begin_menu_flag = 0;
  415   2          }
  416   1      }
  417          
  418          //-------------------------------------------------------------------------------------------------------
             -------------
  419          // 函数简介      参数数值修改核心函数
  420          //-------------------------------------------------------------------------------------------------------
             -------------
  421          void change_value_step(param_set* param, int dir)
C251 COMPILER V5.60.0,  auto_menu                                                          30/03/26  22:34:24  PAGE 8   

  422          {
  423   1          float delta;
  424   1      
  425   1          if(param == NULL || param->p_par == NULL) return;
  426   1      
  427   1          delta = param->delta;
  428   1          if(dir < 0) delta = -delta;
  429   1      
  430   1          switch(param->par_type)
  431   1          {
  432   2              case TYPE_FLOAT:
  433   2                  *(float*)(param->p_par) += delta;
  434   2                  break;
  435   2              case TYPE_DOUBLE:
  436   2                  *(double*)(param->p_par) += (double)delta;
  437   2                  break;
  438   2              case TYPE_INT:
  439   2                  *(int*)(param->p_par) += (int)delta;
  440   2                  break;
  441   2              case TYPE_UINT16:
  442   2                  if(delta < 0 && *(uint16*)(param->p_par) < (uint16)(-delta))
  443   2                      *(uint16*)(param->p_par) = 0;
  444   2                  else
  445   2                      *(uint16*)(param->p_par) += (int)delta;
  446   2                  break;
  447   2              case TYPE_UINT32:
  448   2                  if(delta < 0 && *(uint32*)(param->p_par) < (uint32)(-delta))
  449   2                      *(uint32*)(param->p_par) = 0;
  450   2                  else
  451   2                      *(uint32*)(param->p_par) += (int)delta;
  452   2                  break;
  453   2              case TYPE_BOOL:
  454   2                  *(uint8*)(param->p_par) = !(*(uint8*)(param->p_par));
  455   2                  break;
  456   2          }
  457   1      }
  458          
  459          //-------------------------------------------------------------------------------------------------------
             -------------
  460          // 函数简介      检测是否首次进入新页面
  461          //-------------------------------------------------------------------------------------------------------
             -------------
  462          void is_first_in_page()
  463          {
  464   1          first_in_page_flag = (p_unit_last!=p_unit)&&(button1||button2);
  465   1      }
  466          
  467          //-------------------------------------------------------------------------------------------------------
             -------------
  468          // 函数简介      主菜单显示入口
  469          //-------------------------------------------------------------------------------------------------------
             -------------
  470          void show_menu()
  471          {
  472   1          if(p_unit->m_index[1]==255)
  473   1              center_menu(); // 显示父菜单
  474   1          else
  475   1              assist_menu(); // 显示子菜单
  476   1      }
  477          
  478          //-------------------------------------------------------------------------------------------------------
             -------------
  479          // 函数简介      菜单逻辑处理主循环
  480          //-------------------------------------------------------------------------------------------------------
             -------------
  481          void show_process(void *parameter)
C251 COMPILER V5.60.0,  auto_menu                                                          30/03/26  22:34:24  PAGE 9   

  482          {
  483   1      //    (void)parameter; // 消除未调用警告
  484   1      
  485   1          // 1. 获取按键 (此处保留原来的调用方式)
  486   1          button_entry(NULL);
  487   1      
  488   1          // 2. 检测是否需要清屏
  489   1          is_clear_flag = is_menu_clear();
  490   1          if(is_clear_flag)
  491   1          {
  492   2              clear(0x0000); // 0x0000 为黑色，防止原宏找不到报错
  493   2              is_editing_mode = 0; 
  494   2          }
  495   1      
  496   1          // 3. 核心状态机逻辑
  497   1          if (is_editing_mode == 0)
  498   1          {
  499   2              if (button1 == 1)
  500   2              {
  501   3                  p_unit = p_unit->back;
  502   3              }
  503   2              else if (button3 == 1)
  504   2              {
  505   3                  p_unit = p_unit->up;
  506   3              }
  507   2              else if (button4 == 1)
  508   2              {
  509   3                  p_unit = p_unit->down;
  510   3              }
  511   2              else if (button2 == 1) 
  512   2              {
  513   3                  if(p_unit->m_index[1] == 255)
  514   3                  {
  515   4                      if(p_unit->enter != p_unit)
  516   4                      {
  517   5                          p_unit = p_unit->enter;
  518   5                      }
  519   4                  }
  520   3                  else
  521   3                  {
  522   4                      if (p_unit->type_t == USE_FUN)
  523   4                      {
  524   5                          if(p_unit->current_operation) (*p_unit->current_operation)();
  525   5                      }
  526   4                      else if (p_unit->type_t == READ_ONLY_PAR)
  527   4                      {
  528   5                          // 只读参数无操作
  529   5                      }
  530   4                      else
  531   4                      {
  532   5                          is_editing_mode = 1;
  533   5                      }
  534   4                  }
  535   3              }
  536   2          }
  537   1          else
  538   1          {
  539   2              if (button1 == 1 || button2 == 1)
  540   2              {
  541   3                  is_editing_mode = 0;
  542   3              }
  543   2              else if (button3 == 1)
  544   2              {
  545   3                  change_value_step(p_unit->par_set, 1);
  546   3              }
  547   2              else if (button4 == 1)
C251 COMPILER V5.60.0,  auto_menu                                                          30/03/26  22:34:24  PAGE 10  

  548   2              {
  549   3                  change_value_step(p_unit->par_set, -1);
  550   3              }
  551   2          }
  552   1      
  553   1          is_first_in_page();
  554   1      
  555   1          // 4. 显示刷新
  556   1          show_menu();
  557   1      
  558   1          // 5. 记录历史
  559   1          p_unit_last = p_unit;
  560   1      }
*** WARNING C47 IN LINE 481 OF auto_menu.c: 'parameter': unreferenced parameter
  561          
  562          //-------------------------------------------------------------------------------------------------------
             -------------
  563          // 函数简介      空函数占位符
  564          //-------------------------------------------------------------------------------------------------------
             -------------
  565          void NULL_FUN()
  566          {
  567   1      }
  568          
  569          // 示例变量
  570          float test_a=1.1;
  571          int test_b=100;
  572          double test_c=100;
  573          uint16 test_d=20;
  574          uint32 test_e=32;
  575          uint8 flag = 0;
  576          uint32 test_f=32;
  577          uint32 test_g=32;
  578          uint32 test_h=32;
  579          uint32 test_i=32;
  580          int duty;
  581          int motor_select = 0;
  582          int motor_test_duty = 0;
  583          
  584          //-------------------------------------------------------------------------------------------------------
             -------------
  585          // 函数简介      用户参数配置初始化
  586          //-------------------------------------------------------------------------------------------------------
             -------------
  587          void UNIT_SET()
  588          {
  589   1          unit_param_set(&test_a, TYPE_FLOAT,  0.5,    0, 0, NORMAL_PAR,    "test_a");
  590   1          unit_param_set(&test_b, TYPE_INT,    2,      0, 0, NORMAL_PAR,    "test_b");
  591   1          unit_param_set(&test_c, TYPE_DOUBLE, 10.01,  0, 0, NORMAL_PAR,    "test_c");
  592   1          unit_param_set(&test_d, TYPE_UINT16, 1,      0, 0, NORMAL_PAR,    "test_d");
  593   1          unit_param_set(&test_e, TYPE_UINT32, 1,      0, 0, NORMAL_PAR,    "test_e");
  594   1          unit_param_set(&flag,   TYPE_BOOL,   0,      0, 0, NORMAL_PAR,    "flag");
  595   1          unit_param_set(&test_f, TYPE_UINT32, 1,      0, 0, NORMAL_PAR,    "test_f");
  596   1          unit_param_set(&test_g, TYPE_UINT32, 1,      0, 0, NORMAL_PAR,    "test_g");
  597   1          unit_param_set(&test_h, TYPE_UINT32, 1,      0, 0, NORMAL_PAR,    "test_h");
  598   1          unit_param_set(&test_i, TYPE_UINT32, 1,      0, 0, NORMAL_PAR,    "test_i");
  599   1          unit_param_set(&duty,   TYPE_INT,    0,      0, 0, READ_ONLY_PAR, "duty");
  600   1      
  601   1          unit_param_set(&motor_select, TYPE_INT, 1, 0, 0, NORMAL_PAR, "MotorSel(0-4)");
  602   1          unit_param_set(&motor_test_duty, TYPE_INT, 100, 0, 0, NORMAL_PAR, "TestSpeed");
  603   1      }
  604          
  605          //-------------------------------------------------------------------------------------------------------
             -------------
  606          // 函数简介      用户功能函数初始化
  607          //-------------------------------------------------------------------------------------------------------
C251 COMPILER V5.60.0,  auto_menu                                                          30/03/26  22:34:24  PAGE 11  

             -------------
  608          void FUN_INIT()
  609          {
  610   1          fun_init(show_camera_window, "Camera View");
  611   1      }
  612          
  613          //-------------------------------------------------------------------------------------------------------
             -------------
  614          // 函数简介      菜单系统整体初始化
  615          //-------------------------------------------------------------------------------------------------------
             -------------
  616          void menu_init()
  617          {
  618   1          /*---------------屏幕初始化-----------------*/
  619   1          screen_init(); // 调用统一宏，由于头文件映射成了ips114_init()，屏幕会正常启动
  620   1      
  621   1          /*---------------按键初始化-----------------*/
  622   1          // key_into(); // 此处注释掉或保留，看你是否有key.h的底层支持
  623   1      
  624   1          /*---------------待修改参数-----------------*/
  625   1          UNIT_SET();
  626   1      
  627   1          /*---------------导入的功能函数--------------*/
  628   1          FUN_INIT();
  629   1      
  630   1          /*---------------菜单名字初始化--------------*/
  631   1          dad_name_init();
  632   1      
  633   1          /*---------------字符串索引初始化-------------*/
  634   1          index_xy_init();
  635   1      }


Module Information          Static   Overlayable
------------------------------------------------
  code size            =      7744     ------
  ecode size           =    ------     ------
  data size            =    ------     ------
  idata size           =    ------     ------
  pdata size           =    ------     ------
  xdata size           =      2094     ------
  xdata-const size     =    ------     ------
  edata size           =    ------     ------
  bit size             =    ------     ------
  ebit size            =    ------     ------
  bitaddressable size  =    ------     ------
  ebitaddressable size =    ------     ------
  far data size        =    ------     ------
  huge data size       =    ------     ------
  const size           =    ------     ------
  hconst size          =       371     ------
End of Module Information.


C251 COMPILATION COMPLETE.  1 WARNING(S),  0 ERROR(S)
