C251 COMPILER V5.60.0,  debug                                                              27/05/26  21:03:52  PAGE 1   


C251 COMPILER V5.60.0, COMPILATION OF MODULE debug
OBJECT MODULE PLACED IN .\out_file\debug.obj
COMPILER INVOKED BY: D:\keil_MDK\C251\BIN\C251.EXE debug.c LARGE NOALIAS WARNINGLEVEL(3) OPTIMIZE(0,SIZE) BROWSE INCDIR(
                    -..\..\libraries\zf_common;..\..\libraries\zf_components;..\..\libraries\zf_device;..\..\libraries\zf_driver;..\user;..\c
                    -ode) DEBUG PRINT(.\out_file\debug.lst) TABS(2) OBJECT(.\out_file\debug.obj) 

stmt  level    source

    1          #include "debug.h"
    2          
    3          static char debug_dat[64];
    4          
    5          volatile uint8 xunji_debug_event = 0;
    6          volatile float xunji_debug_L = 0;
    7          volatile float xunji_debug_LM = 0;
    8          volatile float xunji_debug_RM = 0;
    9          volatile float xunji_debug_R = 0;
   10          volatile float xunji_debug_roll = 0;
   11          volatile uint16 xunji_debug_distance = 0;
   12          
   13          void debug_uart_send(void)
   14          {
   15   1          uint8 event = 0;
   16   1          float data_L = 0;
   17   1          float data_LM = 0;
   18   1          float data_RM = 0;
   19   1          float data_R = 0;
   20   1          float data_roll = 0;
   21   1          uint16 distance = 0;
   22   1      
   23   1          if (xunji_debug_event == 0)
   24   1              return;
   25   1      
   26   1          EA = 0;
   27   1          event = xunji_debug_event;
   28   1          data_L = xunji_debug_L;
   29   1          data_LM = xunji_debug_LM;
   30   1          data_RM = xunji_debug_RM;
   31   1          data_R = xunji_debug_R;
   32   1          data_roll = xunji_debug_roll;
   33   1          distance = xunji_debug_distance;
   34   1          xunji_debug_event = 0;
   35   1          EA = 1;
   36   1      
   37   1          if (event == 1)
   38   1              sprintf(debug_dat, "QQB ok,LR:%f\r\n", data_L);
   39   1          else if (event == 2)
   40   1              sprintf(debug_dat, "L:%f,LM:%f,RM:%f,R:%f,distance:%u,roll:%f\r\n", data_L, data_LM, data_RM, dat
             -a_R, distance, data_roll);
   41   1          else if (event == 3)
   42   1              sprintf(debug_dat, "Tong,LR:%f\r\n", data_L);
   43   1          else if (event == 4)
   44   1              sprintf(debug_dat, "Qiang,LR:%f\r\n", data_L);
   45   1          else if (event == 5)
   46   1              sprintf(debug_dat, "QQB unlock,roll:%f\r\n", data_roll);
   47   1          else
   48   1              return;
   49   1          
   50   1          wireless_uart_send_string(debug_dat);
   51   1      }


Module Information          Static   Overlayable
------------------------------------------------
  code size            =       573     ------
  ecode size           =    ------     ------
C251 COMPILER V5.60.0,  debug                                                              27/05/26  21:03:52  PAGE 2   

  data size            =    ------     ------
  idata size           =    ------     ------
  pdata size           =    ------     ------
  xdata size           =       110     ------
  xdata-const size     =    ------     ------
  edata size           =    ------     ------
  bit size             =    ------     ------
  ebit size            =    ------     ------
  bitaddressable size  =    ------     ------
  ebitaddressable size =    ------     ------
  far data size        =    ------     ------
  huge data size       =    ------     ------
  const size           =    ------     ------
  hconst size          =       165     ------
End of Module Information.


C251 COMPILATION COMPLETE.  0 WARNING(S),  0 ERROR(S)
