C251 COMPILER V5.60.0,  encoder                                                            25/01/26  00:05:37  PAGE 1   


C251 COMPILER V5.60.0, COMPILATION OF MODULE encoder
OBJECT MODULE PLACED IN .\out_file\encoder.obj
COMPILER INVOKED BY: C:\Keil_v5\C251\BIN\C251.EXE encoder.c LARGE NOALIAS WARNINGLEVEL(3) OPTIMIZE(0,SIZE) BROWSE INCDIR
                    -(..\..\libraries\zf_common;..\..\libraries\zf_components;..\..\libraries\zf_device;..\..\libraries\zf_driver;..\user;..\
                    -code) DEBUG PRINT(.\out_file\encoder.lst) TABS(2) OBJECT(.\out_file\encoder.obj) 

stmt  level    source

    1          #include "encoder.h"
    2          
    3          SlidingAverageFilter filter_Left;
    4          SlidingAverageFilter filter_Right;
    5          int16 speed_L=0,speed_R=0,speed_avl=0;
    6          float speed_L_next=0,speed_R_next=0,speed_avl_next;
    7          //int16 lastspeed_L=0,lastspeed_R=0;
    8          int32 distance_text=0;
    9          
   10          
   11          
   12          
   13          void encoder_init(void)
   14          {
   15   1          encoder_dir_init(ENCODER_DIR_1, ENCODER_DIR_DIR_1, ENCODER_DIR_PULSE_1);    // ³õÊ¼»¯±àÂëÆ÷Ä£¿éÓëÒý½Å ´
             -ø·½ÏòÔöÁ¿±àÂëÆ÷Ä£Ê½
   16   1          encoder_dir_init(ENCODER_DIR_2, ENCODER_DIR_DIR_2, ENCODER_DIR_PULSE_2);    // ³õÊ¼»¯±àÂëÆ÷Ä£¿éÓëÒý½Å
             - ´ø·½ÏòÔöÁ¿±àÂëÆ÷Ä£Ê½
   17   1          
   18   1          initSlidingAverage(&filter_Left,6);  // ³õÊ¼»¯ÂË²¨Æ÷
   19   1          initSlidingAverage(&filter_Right,6);
   20   1      }
   21          
   22          
   23          void encoder_update(void)
   24          {
   25   1        
   26   1            tempL_pluse = encoder_get_count(ENCODER_DIR_1);
   27   1            encoder_clear_count(ENCODER_DIR_1);
   28   1            
   29   1            tempR_pluse = encoder_get_count(ENCODER_DIR_2);
   30   1            encoder_clear_count(ENCODER_DIR_2);
   31   1      
   32   1              
   33   1          //²É¼¯±àÂëÆ÷·½ÏòÐÅÏ¢
   34   1          if(tempL_pluse<0)    
   35   1          {
   36   2             tempL_pluse = -tempL_pluse;
   37   2          }
   38   1          speed_avl = ( tempL_pluse + tempR_pluse ) / 2;
   39   1      //    printf("%d,%d,%d\n",tempL_pluse, tempR_pluse,speed_avl);
   40   1          
   41   1      //    if(0 == ENCODER_DIR_DIR_2)    
   42   1      //    {
   43   1      //       tempR_pluse = -tempR_pluse;
   44   1      //    }
   45   1      //      speed_L = (wheel_d * pi) * ((float)tempL_pluse / encoder_pulses) / time; 
   46   1      //      speed_R = (wheel_d * pi) * ((float)tempR_pluse / encoder_pulses) / time;
   47   1            
   48   1            
   49   1      //      printf("tempL_pluse:%d,tempR_pluse:%d,speed_avl:%d,speed_L:%d,speed_R:%d\n",
   50   1      //       tempL_pluse, tempR_pluse, speed_avl, speed_L, speed_R);
   51   1      //    //×óÓÒÂÖËÙ¶È
   52   1      //    if(tempL_pluse<0)
   53   1      //    {
   54   1      //    speed_L =-speed_L;
   55   1      //    }
C251 COMPILER V5.60.0,  encoder                                                            25/01/26  00:05:37  PAGE 2   

   56   1      //    if(tempR_pluse<0)
   57   1      //    {
   58   1      //    speed_R = -speed_R;
   59   1      //    }
   60   1        //0-»ñÈ¡ËÙ¶È&ÇåÁã
   61   1      //  speed_R = (0.85f*encoder_get_count(ENCODER_DIR_1));
   62   1      //  speed_L = (0.85f*encoder_get_count(ENCODER_DIR_2));
   63   1      //  
   64   1      //  encoder_clear_count(ENCODER_DIR_2);
   65   1      //  encoder_clear_count(ENCODER_DIR_1);
   66   1      //  //1-Ò»½×µÍÍ¨ÂË²¨
   67   1      //  speed_L=(0.9*speed_L + 0.1*lastspeed_L);
   68   1      //  speed_R=(0.9*speed_R + 0.1*lastspeed_R);
   69   1      //  lastspeed_L = speed_L;
   70   1      //  lastspeed_R = speed_R;
   71   1      //   
   72   1      //  speed_avl = (speed_L + speed_R)/2;
   73   1      //  
   74   1      //  distance_text += (int32)speed_avl;
   75   1      //  printf("speed_L: %d, speed_R: %d\r\n", speed_L, speed_R); 
   76   1      }


Module Information          Static   Overlayable
------------------------------------------------
  code size            =       153     ------
  ecode size           =    ------     ------
  data size            =    ------     ------
  idata size           =    ------     ------
  pdata size           =    ------     ------
  xdata size           =        70     ------
  xdata-const size     =    ------     ------
  edata size           =    ------     ------
  bit size             =    ------     ------
  ebit size            =    ------     ------
  bitaddressable size  =    ------     ------
  ebitaddressable size =    ------     ------
  far data size        =    ------     ------
  huge data size       =    ------     ------
  const size           =    ------     ------
  hconst size          =        48     ------
End of Module Information.


C251 COMPILATION COMPLETE.  0 WARNING(S),  0 ERROR(S)
