C251 COMPILER V5.60.0,  encoder                                                            14/04/26  19:35:49  PAGE 1   


C251 COMPILER V5.60.0, COMPILATION OF MODULE encoder
OBJECT MODULE PLACED IN .\out_file\encoder.obj
COMPILER INVOKED BY: D:\keil_MDK\C251\BIN\C251.EXE encoder.c LARGE NOALIAS WARNINGLEVEL(3) OPTIMIZE(0,SIZE) BROWSE INCDI
                    -R(..\..\libraries\zf_common;..\..\libraries\zf_components;..\..\libraries\zf_device;..\..\libraries\zf_driver;..\user;..
                    -\code) DEBUG PRINT(.\out_file\encoder.lst) TABS(2) OBJECT(.\out_file\encoder.obj) 

stmt  level    source

    1          #include "encoder.h"
    2          
    3          SlidingAverageFilter filter_Left;
    4          SlidingAverageFilter filter_Right;
    5          int16 speed_L=0,speed_R=0,speed_avl=0;
    6          float speed_L_next=0,speed_R_next=0,speed_avl_next;
    7          int32 distance_text=0;
    8          
    9          
   10          
   11          
   12          void encoder_init(void)
   13          {
   14   1          encoder_dir_init(ENCODER_DIR_1, ENCODER_DIR_DIR_1, ENCODER_DIR_PULSE_1);    // ³õÊ¼»¯±àÂëÆ÷Ä£¿éÓëÒý½Å ´
             -ø·½ÏòÔöÁ¿±àÂëÆ÷Ä£Ê½
   15   1          encoder_dir_init(ENCODER_DIR_2, ENCODER_DIR_DIR_2, ENCODER_DIR_PULSE_2);    // ³õÊ¼»¯±àÂëÆ÷Ä£¿éÓëÒý½Å
             - ´ø·½ÏòÔöÁ¿±àÂëÆ÷Ä£Ê½
   16   1          
   17   1          initSlidingAverage(&filter_Left,6);  // ³õÊ¼»¯ÂË²¨Æ÷
   18   1          initSlidingAverage(&filter_Right,6);
   19   1      }
   20          
   21          
   22          void encoder_update(void)
   23          {
   24   1        
   25   1            tempL_pluse = encoder_get_count(ENCODER_DIR_1);
   26   1            encoder_clear_count(ENCODER_DIR_1);
   27   1            
   28   1            tempR_pluse = encoder_get_count(ENCODER_DIR_2);
   29   1            encoder_clear_count(ENCODER_DIR_2);
   30   1          
   31   1                  
   32   1          speed_L = -tempL_pluse;
   33   1          speed_R= tempR_pluse;
   34   1        speed_avl = (speed_L + speed_R)/2;
   35   1      
   36   1      }


Module Information          Static   Overlayable
------------------------------------------------
  code size            =       153     ------
  ecode size           =    ------     ------
  data size            =    ------     ------
  idata size           =    ------     ------
  pdata size           =    ------     ------
  xdata size           =        70     ------
  xdata-const size     =    ------     ------
  edata size           =    ------     ------
  bit size             =    ------     ------
  ebit size            =    ------     ------
  bitaddressable size  =    ------     ------
  ebitaddressable size =    ------     ------
  far data size        =    ------     ------
  huge data size       =    ------     ------
  const size           =    ------     ------
  hconst size          =        48     ------
C251 COMPILER V5.60.0,  encoder                                                            14/04/26  19:35:49  PAGE 2   

End of Module Information.


C251 COMPILATION COMPLETE.  0 WARNING(S),  0 ERROR(S)
