C251 COMPILER V5.60.0,  imu660rb                                                           15/05/26  22:04:32  PAGE 1   


C251 COMPILER V5.60.0, COMPILATION OF MODULE imu660rb
OBJECT MODULE PLACED IN .\out_file\imu660rb.obj
COMPILER INVOKED BY: D:\keil_MDK\C251\BIN\C251.EXE imu660rb.c LARGE NOALIAS WARNINGLEVEL(3) OPTIMIZE(0,SIZE) BROWSE INCD
                    -IR(..\..\libraries\zf_common;..\..\libraries\zf_components;..\..\libraries\zf_device;..\..\libraries\zf_driver;..\user;.
                    -.\code) DEBUG PRINT(.\out_file\imu660rb.lst) TABS(2) OBJECT(.\out_file\imu660rb.obj) 

stmt  level    source

    1          #include "imu660rb.h"
    2          #include "zf_device_imu660rc.h"
    3          
    4          static void gyro_get_z(void);
    5          
    6          static float null_drift_z = 0;
    7          static float gyro_z;
    8          float angle_z = 0;
    9          static float avl_gyro_z;
   10          static float gyro_z_filtered = 0;
   11          static const float alpha = 0.9f;
   12          
   13          float pitch;
   14          
   15          void gyro_init_calibration(void)
   16          {
   17   1        int i;
   18   1        float temp_z = 0;
   19   1      
   20   1        system_delay_ms(100);  // 等待四元数回调开始填充原始数据
   21   1      
   22   1        for (i = 0; i < 500; i++)
   23   1        {
   24   2          temp_z += imu660rc_gyro_transition(imu660rc_gyro_z);
   25   2          system_delay_ms(1);
   26   2        }
   27   1        null_drift_z = temp_z / 500.0f;
   28   1      }
   29          
   30          static void gyro_get_z(void)
   31          {
   32   1        // 四元数模式下原始数据由 INT0 回调更新，直接读全局变量
   33   1        gyro_z = imu660rc_gyro_transition(imu660rc_gyro_z) - null_drift_z;
   34   1      
   35   1        if (gyro_z > -0.5f && gyro_z < 0.5f) gyro_z = 0;
   36   1      
   37   1        avl_gyro_z = gyro_z;
   38   1        gyro_z_filtered = alpha * gyro_z_filtered + (1.0f - alpha) * avl_gyro_z;
   39   1      }
   40          
   41          
   42          
   43          void angle_get(void)
   44          {
   45   1        gyro_get_z();
   46   1        angle_z += 0.002f * gyro_z_filtered;         // 保留：环岛需要 angle_z 积分
   47   1        pitch  = imu660rc_pitch;                      // 改用 RC 硬件四元数俯仰角
   48   1      }
   49          
   50          void angle_clear(void)
   51          {
   52   1        angle_z = 0;
   53   1      }
   54          
   55          


C251 COMPILER V5.60.0,  imu660rb                                                           15/05/26  22:04:32  PAGE 2   

Module Information          Static   Overlayable
------------------------------------------------
  code size            =       425     ------
  ecode size           =    ------     ------
  data size            =    ------     ------
  idata size           =    ------     ------
  pdata size           =    ------     ------
  xdata size           =        30     ------
  xdata-const size     =    ------     ------
  edata size           =    ------     ------
  bit size             =    ------     ------
  ebit size            =    ------     ------
  bitaddressable size  =    ------     ------
  ebitaddressable size =    ------     ------
  far data size        =    ------     ------
  huge data size       =    ------     ------
  const size           =    ------     ------
  hconst size          =        31     ------
End of Module Information.


C251 COMPILATION COMPLETE.  0 WARNING(S),  0 ERROR(S)
