C251 COMPILER V5.60.0,  imu660rb                                                           06/04/26  22:59:00  PAGE 1   


C251 COMPILER V5.60.0, COMPILATION OF MODULE imu660rb
OBJECT MODULE PLACED IN .\out_file\imu660rb.obj
COMPILER INVOKED BY: C:\Keil_v5\C251\BIN\C251.EXE imu660rb.c LARGE NOALIAS WARNINGLEVEL(3) OPTIMIZE(0,SIZE) BROWSE INCDI
                    -R(..\..\libraries\zf_common;..\..\libraries\zf_components;..\..\libraries\zf_device;..\..\libraries\zf_driver;..\user;..
                    -\code) DEBUG PRINT(.\out_file\imu660rb.lst) TABS(2) OBJECT(.\out_file\imu660rb.obj) 

stmt  level    source

    1          #include "imu660rb.h"
    2          
    3          //float null_drift_z; //零漂
    4          float gyro_z;
    5          float angle;
    6          float avl_gyro_z;
    7          float gyro_z_filtered;
    8          float alpha = 0.9 ;
    9          
   10          void gyro_get()      //角速度
   11          {
   12   1        imu660rb_get_gyro();      //获取陀螺仪数据
   13   1        gyro_z = imu660rb_gyro_z;
   14   1        gyro_z = imu660rb_gyro_transition(imu660rb_gyro_z); 
   15   1        avl_gyro_z = gyro_z ;
   16   1        gyro_z_filtered = alpha *gyro_z_filtered +(1-alpha)*avl_gyro_z;
   17   1      }
   18          
   19          void angle_get()     //角度获取
   20          {
   21   1        
   22   1      
   23   1          angle+=0.002*gyro_z_filtered;
   24   1      
   25   1         
   26   1      }
   27          
   28          void angle_clear()   //角度清零
   29          {
   30   1        angle = 0;
   31   1      }
   32          
   33          //void null_drift_calculate()     //零漂采集
   34          //{
   35          //  static int16 cnt_null=0;
   36          //  static float temp=0;
   37          //  static int8 ret=0;
   38          //  
   39          //  //采集数据
   40          ////  
   41          //  
   42          //  temp += gyro_z;
   43          //    
   44          //  cnt_null++;
   45          //  if(ret=0 && cnt_null>=200)
   46          //  {
   47          //    null_drift_z = temp/200;
   48          //    ret = 1;
   49          //  }
   50          //  
   51          //}


Module Information          Static   Overlayable
------------------------------------------------
  code size            =       193     ------
  ecode size           =    ------     ------
  data size            =    ------     ------
C251 COMPILER V5.60.0,  imu660rb                                                           06/04/26  22:59:00  PAGE 2   

  idata size           =    ------     ------
  pdata size           =    ------     ------
  xdata size           =        24     ------
  xdata-const size     =    ------     ------
  edata size           =    ------     ------
  bit size             =    ------     ------
  ebit size            =    ------     ------
  bitaddressable size  =    ------     ------
  ebitaddressable size =    ------     ------
  far data size        =    ------     ------
  huge data size       =    ------     ------
  const size           =    ------     ------
  hconst size          =         9     ------
End of Module Information.


C251 COMPILATION COMPLETE.  0 WARNING(S),  0 ERROR(S)
