C251 COMPILER V5.60.0,  imu660rb                                                           06/05/26  21:07:28  PAGE 1   


C251 COMPILER V5.60.0, COMPILATION OF MODULE imu660rb
OBJECT MODULE PLACED IN .\out_file\imu660rb.obj
COMPILER INVOKED BY: D:\keil_MDK\C251\BIN\C251.EXE imu660rb.c LARGE NOALIAS WARNINGLEVEL(3) OPTIMIZE(0,SIZE) BROWSE INCD
                    -IR(..\..\libraries\zf_common;..\..\libraries\zf_components;..\..\libraries\zf_device;..\..\libraries\zf_driver;..\user;.
                    -.\code) DEBUG PRINT(.\out_file\imu660rb.lst) TABS(2) OBJECT(.\out_file\imu660rb.obj) 

stmt  level    source

    1          #include "imu660rb.h"
    2          #include "math.h"
    3          #include "zf_device_imu660rc.h"
    4          
    5          static void gyro_get_z(void);
    6          static void gyro_get_x(void);
    7          static void get_acc_z(void);
    8          static void get_acc_y(void);
    9          static void get_acc_x(void);
   10          
   11          static float null_drift_z = 0;
   12          static float null_drift_x = 0;
   13          static float gyro_z;
   14          static float gyro_x;
   15          float angle_z = 0;
   16          static float angle_x = 0;
   17          static float avl_gyro_z;
   18          static float avl_gyro_x;
   19          static float gyro_z_filtered = 0;
   20          static float gyro_x_filtered = 0;
   21          static const float alpha = 0.9f;
   22          
   23          static float acc_z_filtered;
   24          static float acc_z;
   25          static float avl_acc_z;
   26          static float acc_y_filtered;
   27          static float acc_y;
   28          static float avl_acc_y;
   29          static float acc_x_filtered;
   30          static float acc_x;
   31          static float avl_acc_x;
   32          
   33          float pitch;
   34          
   35          void gyro_init_calibration(void)
   36          {
   37   1        int i;
   38   1        float temp_z = 0, temp_x = 0;
   39   1      
   40   1        for (i = 0; i < 500; i++)
   41   1        {
   42   2          imu660rc_get_gyro();
   43   2          temp_z += imu660rc_gyro_transition(imu660rc_gyro_z);
   44   2          temp_x += imu660rc_gyro_transition(imu660rc_gyro_x);
   45   2          system_delay_ms(1);
   46   2        }
   47   1        null_drift_z = temp_z / 500.0f;
   48   1        null_drift_x = temp_x / 500.0f;
   49   1      }
   50          
   51          static void gyro_get_z(void)
   52          {
   53   1        imu660rc_get_gyro();
   54   1        gyro_z = imu660rc_gyro_transition(imu660rc_gyro_z) - null_drift_z;
   55   1      
   56   1        if (gyro_z > -0.5f && gyro_z < 0.5f) gyro_z = 0;
   57   1      
C251 COMPILER V5.60.0,  imu660rb                                                           06/05/26  21:07:28  PAGE 2   

   58   1        avl_gyro_z = gyro_z;
   59   1        gyro_z_filtered = alpha * gyro_z_filtered + (1.0f - alpha) * avl_gyro_z;
   60   1      }
   61          
   62          static void gyro_get_x(void)
   63          {
   64   1        imu660rc_get_gyro();
   65   1        gyro_x = imu660rc_gyro_transition(imu660rc_gyro_x) - null_drift_x;
   66   1      
   67   1        if (gyro_x > -0.5f && gyro_x < 0.5f) gyro_x = 0;
   68   1      
   69   1        avl_gyro_x = gyro_x;
   70   1        gyro_x_filtered = alpha * gyro_x_filtered + (1.0f - alpha) * avl_gyro_x;
   71   1      }
   72          
   73          void angle_get(void)
   74          {
   75   1        gyro_get_z();
   76   1        gyro_get_x();
   77   1        get_acc_z();
   78   1        get_acc_y();
   79   1        get_acc_x();
   80   1      
   81   1        angle_x += 0.002f * gyro_x_filtered;
   82   1        angle_z += 0.002f * gyro_z_filtered;
   83   1      
   84   1        pitch = atan2(acc_y_filtered, acc_z_filtered) * 57.3f;
   85   1      }
   86          
   87          void angle_clear(void)
   88          {
   89   1        angle_z = 0;
   90   1        angle_x = 0;
   91   1      }
   92          
   93          static void get_acc_z(void)
   94          {
   95   1        imu660rc_get_acc();
   96   1        acc_z = imu660rc_acc_transition(-imu660rc_acc_z);
   97   1        avl_acc_z = acc_z;
   98   1        acc_z_filtered = alpha * acc_z_filtered + (1.0f - alpha) * avl_acc_z;
   99   1      }
  100          
  101          static void get_acc_x(void)
  102          {
  103   1        imu660rc_get_acc();
  104   1        acc_x = imu660rc_acc_transition(-imu660rc_acc_x);
  105   1        avl_acc_x = acc_x;
  106   1        acc_x_filtered = alpha * acc_x_filtered + (1.0f - alpha) * avl_acc_x;
  107   1      }
  108          
  109          static void get_acc_y(void)
  110          {
  111   1        imu660rc_get_acc();
  112   1        acc_y = imu660rc_acc_transition(-imu660rc_acc_y);
  113   1        avl_acc_y = acc_y;
  114   1        acc_y_filtered = alpha * acc_y_filtered + (1.0f - alpha) * avl_acc_y;
  115   1      }


Module Information          Static   Overlayable
------------------------------------------------
  code size            =      1244     ------
  ecode size           =    ------     ------
  data size            =    ------     ------
  idata size           =    ------     ------
  pdata size           =    ------     ------
C251 COMPILER V5.60.0,  imu660rb                                                           06/05/26  21:07:28  PAGE 3   

  xdata size           =        90     ------
  xdata-const size     =    ------     ------
  edata size           =    ------     ------
  bit size             =    ------     ------
  ebit size            =    ------     ------
  bitaddressable size  =    ------     ------
  ebitaddressable size =    ------     ------
  far data size        =    ------     ------
  huge data size       =    ------     ------
  const size           =    ------     ------
  hconst size          =        58     ------
End of Module Information.


C251 COMPILATION COMPLETE.  0 WARNING(S),  0 ERROR(S)
