C251 COMPILER V5.60.0,  ips114                                                             11/05/26  17:37:25  PAGE 1   


C251 COMPILER V5.60.0, COMPILATION OF MODULE ips114
OBJECT MODULE PLACED IN .\out_file\ips114.obj
COMPILER INVOKED BY: D:\keil_MDK\C251\BIN\C251.EXE ips114.c LARGE NOALIAS WARNINGLEVEL(3) OPTIMIZE(0,SIZE) BROWSE INCDIR
                    -(..\..\libraries\zf_common;..\..\libraries\zf_components;..\..\libraries\zf_device;..\..\libraries\zf_driver;..\user;..\
                    -code) DEBUG PRINT(.\out_file\ips114.lst) TABS(2) OBJECT(.\out_file\ips114.obj) 

stmt  level    source

    1          #include "ips114.h"
    2          
    3          void ips114_show(void)
    4          {
    5   1        ips114_show_string(0, 16 * 0, "p:");
    6   1        ips114_show_float(30, 16 * 0, pitch, 3, 1);
    7   1      }


Module Information          Static   Overlayable
------------------------------------------------
  code size            =        43     ------
  ecode size           =    ------     ------
  data size            =    ------     ------
  idata size           =    ------     ------
  pdata size           =    ------     ------
  xdata size           =    ------     ------
  xdata-const size     =    ------     ------
  edata size           =    ------     ------
  bit size             =    ------     ------
  ebit size            =    ------     ------
  bitaddressable size  =    ------     ------
  ebitaddressable size =    ------     ------
  far data size        =    ------     ------
  huge data size       =    ------     ------
  const size           =    ------     ------
  hconst size          =         3     ------
End of Module Information.


C251 COMPILATION COMPLETE.  0 WARNING(S),  0 ERROR(S)
