C251 COMPILER V5.60.0,  key                                                                02/04/26  19:43:34  PAGE 1   


C251 COMPILER V5.60.0, COMPILATION OF MODULE key
OBJECT MODULE PLACED IN .\out_file\key.obj
COMPILER INVOKED BY: D:\keil_MDK\C251\BIN\C251.EXE key.c LARGE NOALIAS WARNINGLEVEL(3) OPTIMIZE(0,SIZE) BROWSE INCDIR(..
                    -\..\libraries\zf_common;..\..\libraries\zf_components;..\..\libraries\zf_device;..\..\libraries\zf_driver;..\user;..\cod
                    -e) DEBUG PRINT(.\out_file\key.lst) TABS(2) OBJECT(.\out_file\key.obj) 

stmt  level    source

    1          #include "key.h"
    2          
    3          // 开关状态变量 (默认上拉为 1)
    4          uint8 key1_status = 1;  uint8 key2_status = 1;
    5          uint8 key3_status = 1;  uint8 key4_status = 1;
    6          uint8 key1_last_status = 1; uint8 key2_last_status = 1;
    7          uint8 key3_last_status = 1; uint8 key4_last_status = 1;
    8          
    9          void key_init(void)
   10          {
   11   1        system_delay_init();
   12   1        gpio_init(IO_P70,GPIO,1,GPIO_NO_PULL);
   13   1        gpio_init(IO_P71,GPIO,1,GPIO_NO_PULL);
   14   1        gpio_init(IO_P72,GPIO,1,GPIO_NO_PULL);
   15   1        gpio_init(IO_P73,GPIO,1,GPIO_NO_PULL);
   16   1        
   17   1        
   18   1      }
   19          
   20          //void Key_PID_Adjust(void)
   21          //{
   22          //    // 使用 static 修饰，记忆上一次的按键状态，且不污染全局变量
   23          //    static uint8 key1_last = 1, key2_last = 1, key3_last = 1, key4_last = 1;
   24          //    uint8 key1_now, key2_now, key3_now, key4_now;
   25          
   26          //    // 1. 读取当前 4 个按键的电平状态
   27          
   28          //    key1_now = gpio_get_level(KEY1_PIN);
   29          //    key2_now = gpio_get_level(KEY2_PIN);
   30          //    key3_now = gpio_get_level(KEY3_PIN);
   31          //    key4_now = gpio_get_level(KEY4_PIN);
   32          
   33          
   34          
   35          //    // 2. 按键 1：增加 Kp (按下瞬间触发)
   36          //    if(key1_now == 0 && key1_last == 1)    
   37          //    {
   38          //        system_delay_ms(15); // 软件消抖避开机械毛刺
   39          //        if(gpio_get_level(KEY1_PIN) == 0) // 再次确认按键状态
   40          //        {
   41          //            pid_motor_run.Kp += 0.1f;
   42          //            if(pid_motor_run.Kp > 5.0f) pid_motor_run.Kp = 5.0f; // 极限保护
   43          //        }
   44          //    }
   45          //    
   46          //    // 3. 按键 2：减小 Kp
   47          //    if(key2_now == 0 && key2_last == 1)    
   48          //    {
   49          //        system_delay_ms(15);
   50          //        if(gpio_get_level(KEY2_PIN) == 0)
   51          //        {
   52          //            pid_motor_run.Kp -= 0.1f;
   53          //            if(pid_motor_run.Kp < 0.0f) pid_motor_run.Kp = 0.0f; // 防止调成负数
   54          //        }
   55          //    }
   56          //    
   57          //    // 4. 按键 3：增加 Kd
C251 COMPILER V5.60.0,  key                                                                02/04/26  19:43:34  PAGE 2   

   58          //    if(key3_now == 0 && key3_last == 1)    
   59          //    {
   60          //        system_delay_ms(15);
   61          //        if(gpio_get_level(KEY3_PIN) == 0)
   62          //        {
   63          //            pid_motor_run.Kd += 0.1f;   // D 参数非常敏感，步长设为 0.01
   64          //            if(pid_motor_run.Kd > 2.0f) pid_motor_run.Kd = 2.0f; 
   65          //        }
   66          //    }
   67          //    
   68          //    // 5. 按键 4：减小 Kd
   69          //    if(key4_now == 0 && key4_last == 1)    
   70          //    {
   71          //        system_delay_ms(15);
   72          //        if(gpio_get_level(KEY4_PIN) == 0)
   73          //        {
   74          //            pid_motor_run.Kd -= 0.1f;
   75          //            if(pid_motor_run.Kd < 0.0f) pid_motor_run.Kd = 0.0f; 
   76          //        }
   77          //    }
   78          
   79          //    // 6. 更新历史状态，为下一次扫描做准备
   80          //    key1_last = key1_now;
   81          //    key2_last = key2_now;
   82          //    key3_last = key3_now;
   83          //    key4_last = key4_now;
   84          //}


Module Information          Static   Overlayable
------------------------------------------------
  code size            =        72     ------
  ecode size           =    ------     ------
  data size            =    ------     ------
  idata size           =    ------     ------
  pdata size           =    ------     ------
  xdata size           =        12     ------
  xdata-const size     =    ------     ------
  edata size           =    ------     ------
  bit size             =    ------     ------
  ebit size            =    ------     ------
  bitaddressable size  =    ------     ------
  ebitaddressable size =    ------     ------
  far data size        =    ------     ------
  huge data size       =    ------     ------
  const size           =    ------     ------
  hconst size          =        48     ------
End of Module Information.


C251 COMPILATION COMPLETE.  0 WARNING(S),  0 ERROR(S)
