C251 COMPILER V5.60.0,  menu                                                               06/04/26  22:58:59  PAGE 1   


C251 COMPILER V5.60.0, COMPILATION OF MODULE menu
OBJECT MODULE PLACED IN .\out_file\menu.obj
COMPILER INVOKED BY: C:\Keil_v5\C251\BIN\C251.EXE menu.c LARGE NOALIAS WARNINGLEVEL(3) OPTIMIZE(0,SIZE) BROWSE INCDIR(..
                    -\..\libraries\zf_common;..\..\libraries\zf_components;..\..\libraries\zf_device;..\..\libraries\zf_driver;..\user;..\cod
                    -e) DEBUG PRINT(.\out_file\menu.lst) TABS(2) OBJECT(.\out_file\menu.obj) 

stmt  level    source

    1          #include "menu.h"
    2          #include "string.h"
    3          // ===================【多级菜单状态定义】===================
    4          #define MENU_MAIN       0  // 主菜单
    5          #define MENU_TUNE_CATE  1  // 调参分类菜单
    6          #define MENU_OBSERVE    2  // 数据观测界面
    7          #define MENU_SPEED      3  // 速度环调节
    8          #define MENU_TURN       4  // 转向环调节
    9          #define MENU_FORM       5  // 差比和调节
   10          
   11          uint8 menu_state = MENU_MAIN;    // 默认上电在主菜单
   12          uint8 cursor_index = 0;          // 当前光标位置 
   13          uint8 menu_max_items = 3;        // 当前页面的最大选项数 (动态变化)
   14          
   15          char disp_buf[32];               // 屏幕显示缓存区
   16          uint8 car_state = 0;             // 0:停车 1:发车
   17          uint8 start_ramp_flag = 0;
   18          
   19          // 定义参数存储的首地址（默认放在第0扇区最开头）
   20          #define EEPROM_PARAM_ADDR   0x0000 
   21          // 定义一个校验标志，用于判断芯片是不是第一次烧录程序
   22          #define EEPROM_INIT_FLAG    0x5A
   23          
   24          
   25          // =========================================================================
   26          // 函数名：Save_Params_To_EEPROM
   27          // 功  能：将所有调参数据打包并保存到 EEPROM
   28          // =========================================================================
   29          void Save_Params_To_EEPROM(void)
   30          {
   31   1          uint8 save_buf[29]; // 1个标志位 + 7个float(共28字节) = 29字节
   32   1          
   33   1          save_buf[0] = EEPROM_INIT_FLAG; // 写入校验标志位
   34   1          
   35   1          // 将 float 参数转换为字节流存入数组
   36   1          memcpy(&save_buf[1],  &pid_loop_speed.Kp, 4);
   37   1          memcpy(&save_buf[5],  &pid_loop_speed.Ki, 4);
   38   1          memcpy(&save_buf[9],  &pid_motor_run.Kp,  4);
   39   1          memcpy(&save_buf[13], &pid_motor_run.Kd,  4);
   40   1          memcpy(&save_buf[17], &adc_set_differ.A,  4);
   41   1          memcpy(&save_buf[21], &adc_set_differ.B,  4);
   42   1          memcpy(&save_buf[25], &adc_set_differ.C,  4);
   43   1      
   44   1          // 调用逐飞库的“读-改-写”安全函数写入数据
   45   1          extern_iap_write_buff(EEPROM_PARAM_ADDR, save_buf, 29);
   46   1      }
   47          
   48          // =========================================================================
   49          // 函数名：Load_Params_From_EEPROM
   50          // 功  能：上电时从 EEPROM 读取数据。如果是空芯片则使用默认值并初始化。
   51          // =========================================================================
   52          void Load_Params_From_EEPROM(void)
   53          {
   54   1          uint8 flag = 0;
   55   1          
   56   1          // 先只读第一个字节，看看是不是我们的校验标志
   57   1          flag = iap_read_byte(EEPROM_PARAM_ADDR);
C251 COMPILER V5.60.0,  menu                                                               06/04/26  22:58:59  PAGE 2   

   58   1          
   59   1          if(flag == EEPROM_INIT_FLAG)
   60   1          {
   61   2              // 如果是 0x5A，说明以前保存过数据，直接读取解包
   62   2              uint8 read_buf[28];
   63   2              iap_read_buff(EEPROM_PARAM_ADDR + 1, read_buf, 28);
   64   2              
   65   2              memcpy(&pid_loop_speed.Kp, &read_buf[0],  4);
   66   2              memcpy(&pid_loop_speed.Ki, &read_buf[4],  4);
   67   2              memcpy(&pid_motor_run.Kp,  &read_buf[8],  4);
   68   2              memcpy(&pid_motor_run.Kd,  &read_buf[12], 4);
   69   2              memcpy(&adc_set_differ.A,  &read_buf[16], 4);
   70   2              memcpy(&adc_set_differ.B,  &read_buf[20], 4);
   71   2              memcpy(&adc_set_differ.C,  &read_buf[24], 4);
   72   2          }
   73   1          else
   74   1          {
   75   2              // 如果不是 0x5A，说明是全新芯片或刚擦除过。
   76   2              // 此时维持代码中写死的默认值不变，并主动保存一次，完成初始化。
   77   2              Save_Params_To_EEPROM();
   78   2          }
   79   1      }
   80          
   81          
   82          // =========================================================================
   83          // 函数名：Key_Menu_Adjust
   84          // 功  能：多级菜单状态机与参数修改
   85          // =========================================================================
   86          void Key_Menu_Adjust(void)
   87          {
   88   1          static uint8 key1_last = 1, key2_last = 1, key3_last = 1, key4_last = 1;
   89   1          uint8 key1_now, key2_now, key3_now, key4_now;
   90   1      
   91   1          key1_now = gpio_get_level(KEY1_PIN);
   92   1          key2_now = gpio_get_level(KEY2_PIN);
   93   1          key3_now = gpio_get_level(KEY3_PIN);
   94   1          key4_now = gpio_get_level(KEY4_PIN); 
   95   1      
   96   1          // ?? 【最高优先级保命机制】：只要在发车状态，按 KEY4 必定紧急停车！
   97   1          if(car_state == 1 && key4_now == 0 && key4_last == 1)
   98   1          {
   99   2              system_delay_ms(10);
  100   2              if(gpio_get_level(KEY4_PIN) == 0)
  101   2              {
  102   3                  car_state = 0;
  103   3                  start_ramp_flag = 0;
  104   3                  // ips114_clear(); // 如果你有清屏函数，可以在这里调用
  105   3                  key4_last = key4_now;
  106   3                  return; // 停车后直接退出本次按键检测
  107   3              }
  108   2          }
  109   1      
  110   1          // ----------------- 功能 1：切换光标 (KEY1 向下选择) -----------------
  111   1          if(key1_now == 0 && key1_last == 1)    
  112   1          {
  113   2              system_delay_ms(10);
  114   2              if(gpio_get_level(KEY1_PIN) == 0)
  115   2              {
  116   3                  cursor_index++; 
  117   3                  if(cursor_index >= menu_max_items) cursor_index = 0; // 循环光标
  118   3              }
  119   2          }
  120   1          
  121   1          // ----------------- 功能 2：增加参数 / 向上选择 (KEY2) -----------------
  122   1          if(key2_now == 0 && key2_last == 1)    
  123   1          {
C251 COMPILER V5.60.0,  menu                                                               06/04/26  22:58:59  PAGE 3   

  124   2              system_delay_ms(10);
  125   2              if(gpio_get_level(KEY2_PIN) == 0)
  126   2              {
  127   3                  // 只有在最底层的调参界面，KEY2 才是“加参数”
  128   3                  if(menu_state == MENU_SPEED) {
  129   4                      if(cursor_index == 0) pid_loop_speed.Kp += 1.0f;
  130   4                      if(cursor_index == 1) pid_loop_speed.Ki += 0.01f;
  131   4                  }
  132   3                  else if(menu_state == MENU_TURN) {
  133   4                      if(cursor_index == 0) pid_motor_run.Kp += 0.1f;
  134   4                      if(cursor_index == 1) pid_motor_run.Kd += 0.1f;
  135   4                  }
  136   3                  else if(menu_state == MENU_FORM) {
  137   4                      if(cursor_index == 0) adc_set_differ.A += 0.1f;
  138   4                      if(cursor_index == 1) adc_set_differ.B += 0.1f;
  139   4                      if(cursor_index == 2) adc_set_differ.C += 0.1f;
  140   4                  }
  141   3                  else {
  142   4                      // 如果在导航菜单里，KEY2 可以作为“光标向上”用，提升体验
  143   4                      if(cursor_index == 0) cursor_index = menu_max_items - 1;
  144   4                      else cursor_index--;
  145   4                  }
  146   3              }
  147   2          }
  148   1          
  149   1          // ----------------- 功能 3：减小参数 (KEY3) -----------------
  150   1          if(key3_now == 0 && key3_last == 1)    
  151   1          {
  152   2              system_delay_ms(10);
  153   2              if(gpio_get_level(KEY3_PIN) == 0)
  154   2              {
  155   3                  if(menu_state == MENU_SPEED) {
  156   4                      if(cursor_index == 0) { pid_loop_speed.Kp -= 1.0f;  if(pid_loop_speed.Kp < 0) pid_loop_sp
             -eed.Kp = 0; }
  157   4                      if(cursor_index == 1) { pid_loop_speed.Ki -= 0.01f; if(pid_loop_speed.Ki < 0) pid_loop_sp
             -eed.Ki = 0; }
  158   4                  }
  159   3                  else if(menu_state == MENU_TURN) {
  160   4                      if(cursor_index == 0) { pid_motor_run.Kp -= 0.1f; if(pid_motor_run.Kp < 0) pid_motor_run.
             -Kp = 0; }
  161   4                      if(cursor_index == 1) { pid_motor_run.Kd -= 0.1f; if(pid_motor_run.Kd < 0) pid_motor_run.
             -Kd = 0; }
  162   4                  }
  163   3                  else if(menu_state == MENU_FORM) {
  164   4                      if(cursor_index == 0) { adc_set_differ.A -= 0.1f; if(adc_set_differ.A < 0) adc_set_differ
             -.A = 0; }
  165   4                      if(cursor_index == 1) { adc_set_differ.B -= 0.1f; if(adc_set_differ.B < 0) adc_set_differ
             -.B = 0; }
  166   4                      if(cursor_index == 2) { adc_set_differ.C -= 0.1f; if(adc_set_differ.C < 0) adc_set_differ
             -.C = 0; }
  167   4                  }
  168   3              }
  169   2          }
  170   1      
  171   1          // ----------------- 功能 4：确认/进入下一级/发车 (KEY4) -----------------
  172   1          if(key4_now == 0 && key4_last == 1)    
  173   1          {
  174   2              system_delay_ms(10);
  175   2              if(gpio_get_level(KEY4_PIN) == 0)
  176   2              {
  177   3                  // 依据当前处于哪个界面，决定 KEY4 的行为
  178   3                  switch(menu_state)
  179   3                  {
  180   4                      case MENU_MAIN: // 【主菜单】
  181   4                          if(cursor_index == 0)      { menu_state = MENU_TUNE_CATE; cursor_index = 0; menu_max_
             -items = 4; } // 进调参
C251 COMPILER V5.60.0,  menu                                                               06/04/26  22:58:59  PAGE 4   

  182   4                          else if(cursor_index == 1) { menu_state = MENU_OBSERVE;   cursor_index = 0; menu_max_
             -items = 1; } // 进观测
  183   4                          else if(cursor_index == 2) { 
  184   5                              // 按下发车！
  185   5                              car_state = 1; 
  186   5                              err_speed_L_last = 0; err_speed_L = 0;
  187   5                              err_speed_R_last = 0; err_speed_R = 0;
  188   5                              out_L = 0; out_R = 0;
  189   5                              direction_err1[0] = 0; direction_err1[1] = 0; direction_err1[2] = 0;            
  190   5                              start_ramp_flag = 1;
  191   5                          }
  192   4                          break;
  193   4      
  194   4                      case MENU_TUNE_CATE: // 【调参大类菜单】
  195   4                          if(cursor_index == 0)      { menu_state = MENU_SPEED; cursor_index = 0; menu_max_item
             -s = 3; } // 进速度环
  196   4                          else if(cursor_index == 1) { menu_state = MENU_TURN;  cursor_index = 0; menu_max_item
             -s = 3; } // 进转向环
  197   4                          else if(cursor_index == 2) { menu_state = MENU_FORM;  cursor_index = 0; menu_max_item
             -s = 4; } // 进差比和
  198   4                          else if(cursor_index == 3) { menu_state = MENU_MAIN;  cursor_index = 0; menu_max_item
             -s = 3; } // 返回上一级
  199   4                          break;
  200   4      
  201   4                      case MENU_OBSERVE: // 【数据观测】
  202   4                          if(cursor_index == 0)      { menu_state = MENU_MAIN;  cursor_index = 0; menu_max_item
             -s = 3; } // 返回
  203   4                          break;
  204   4      
  205   4                     case MENU_SPEED: // 【速度环底层】
  206   4                          if(cursor_index == 2) { 
  207   5                              Save_Params_To_EEPROM(); // <--- 退出时自动保存参数
  208   5                              menu_state = MENU_TUNE_CATE; 
  209   5                              cursor_index = 0; 
  210   5                              menu_max_items = 4; 
  211   5                          } 
  212   4                          break;
  213   4                      case MENU_TURN:  // 【转向环底层】
  214   4                          if(cursor_index == 2) { 
  215   5                              Save_Params_To_EEPROM(); // <--- 退出时自动保存参数
  216   5                              menu_state = MENU_TUNE_CATE; 
  217   5                              cursor_index = 1; 
  218   5                              menu_max_items = 4; 
  219   5                          } 
  220   4                          break;
  221   4                      case MENU_FORM:  // 【差比和底层】
  222   4                          if(cursor_index == 3) { 
  223   5                              Save_Params_To_EEPROM(); // <--- 退出时自动保存参数
  224   5                              menu_state = MENU_TUNE_CATE; 
  225   5                              cursor_index = 2; 
  226   5                              menu_max_items = 4; 
  227   5                          } 
  228   4                          break;
  229   4                  }
  230   3              }
  231   2          }
  232   1      
  233   1          key1_last = key1_now; key2_last = key2_now; key3_last = key3_now; key4_last = key4_now;
  234   1      }
  235          
  236          
  237          // =========================================================================
  238          // 函数名：UI_Display_Update
  239          // 功  能：根据状态机渲染多级界面
  240          // =========================================================================
  241          void UI_Display_Update(void)
C251 COMPILER V5.60.0,  menu                                                               06/04/26  22:58:59  PAGE 5   

  242          {
  243   1          char p[8]; // 用于存光标字符
  244   1          uint8 i;
  245   1      
  246   1          // 如果发车了，强制覆盖全屏显示运行状态
  247   1          if (car_state == 1) {
  248   2              ips114_show_string(0, 3*16, "                  "); // 清空一些杂项
  249   2              ips114_show_string(0, 4*16, " >>> RUNNING! >>> ");
  250   2              ips114_show_string(0, 5*16, " PRESS KEY4 STOP  ");
  251   2              return; 
  252   2          }
  253   1      
  254   1          // 初始化光标数组全为空格
  255   1          for(i=0; i<8; i++) p[i] = ' ';
  256   1          p[cursor_index] = '>'; // 给当前选中项打上光标
  257   1      
  258   1          // 根据当前状态画UI
  259   1          switch(menu_state)
  260   1          {
  261   2              case MENU_MAIN:
  262   2                  sprintf(disp_buf, "%c 1. Params        ", p[0]); ips114_show_string(0, 0*16, disp_buf);
  263   2                  sprintf(disp_buf, "%c 2. Observe       ", p[1]); ips114_show_string(0, 1*16, disp_buf);
  264   2                  sprintf(disp_buf, "%c 3. [START CAR!]  ", p[2]); ips114_show_string(0, 2*16, disp_buf);
  265   2                  
  266   2                  ips114_show_string(0, 3*16, "                  "); // 擦除多余行，防重影
  267   2                  ips114_show_string(0, 4*16, "                  ");
  268   2                  ips114_show_string(0, 5*16, "                  ");
  269   2                  ips114_show_string(0, 6*16, "                  ");
  270   2                  break;
  271   2      
  272   2              case MENU_TUNE_CATE:
  273   2                  sprintf(disp_buf, "%c 1. Speed Loop    ", p[0]); ips114_show_string(0, 0*16, disp_buf);
  274   2                  sprintf(disp_buf, "%c 2. Turn Loop     ", p[1]); ips114_show_string(0, 1*16, disp_buf);
  275   2                  sprintf(disp_buf, "%c 3. A    B   C    ", p[2]); ips114_show_string(0, 2*16, disp_buf);
  276   2                  sprintf(disp_buf, "%c <- Back          ", p[3]); ips114_show_string(0, 3*16, disp_buf);
  277   2                  ips114_show_string(0, 4*16, "                  ");
  278   2                  ips114_show_string(0, 5*16, "                  ");
  279   2                  break;
  280   2      
  281   2              case MENU_SPEED:
  282   2                  sprintf(disp_buf, "%c Spd Kp: %.1f     ", p[0], pid_loop_speed.Kp); ips114_show_string(0, 0*1
             -6, disp_buf);
  283   2                  sprintf(disp_buf, "%c Spd Ki: %.2f     ", p[1], pid_loop_speed.Ki); ips114_show_string(0, 1*1
             -6, disp_buf);
  284   2                  sprintf(disp_buf, "%c <- Back          ", p[2]);                    ips114_show_string(0, 2*1
             -6, disp_buf);
  285   2                  ips114_show_string(0, 3*16, "                  ");
  286   2                  break;
  287   2      
  288   2              case MENU_TURN:
  289   2                  sprintf(disp_buf, "%c Turn Kp: %.2f    ", p[0], pid_motor_run.Kp);  ips114_show_string(0, 0*1
             -6, disp_buf);
  290   2                  sprintf(disp_buf, "%c Turn Kd: %.2f    ", p[1], pid_motor_run.Kd);  ips114_show_string(0, 1*1
             -6, disp_buf);
  291   2                  sprintf(disp_buf, "%c <- Back          ", p[2]);                    ips114_show_string(0, 2*1
             -6, disp_buf);
  292   2                  ips114_show_string(0, 3*16, "                  ");
  293   2                  break;
  294   2      
  295   2              case MENU_FORM:
  296   2                  sprintf(disp_buf, "%c  A: %.1f         ", p[0], adc_set_differ.A);  ips114_show_string(0, 0*1
             -6, disp_buf);
  297   2                  sprintf(disp_buf, "%c  B: %.1f         ", p[1], adc_set_differ.B);  ips114_show_string(0, 1*1
             -6, disp_buf);
  298   2                  sprintf(disp_buf, "%c  C: %.2f         ", p[2], adc_set_differ.C);  ips114_show_string(0, 2*1
             -6, disp_buf);
C251 COMPILER V5.60.0,  menu                                                               06/04/26  22:58:59  PAGE 6   

  299   2                  sprintf(disp_buf, "%c <- Back          ", p[3]);                    ips114_show_string(0, 3*1
             -6, disp_buf);
  300   2                  break;
  301   2      
  302   2              case MENU_OBSERVE:            
  303   2                  ips114_show_string(10, 16*0, "L :                ");
  304   2                  ips114_show_string(10, 16*1, "LM:                ");
  305   2                  ips114_show_string(10, 16*2, "RM:                ");
  306   2                  ips114_show_string(10, 16*3, "R :                ");
  307   2                  
  308   2                  ips114_show_float(40, 16*0, ADC_temp[0], 3, 1);
  309   2                  ips114_show_float(40, 16*1, ADC_temp[1], 3, 1);
  310   2                  ips114_show_float(40, 16*2, ADC_temp[3], 3, 1);
  311   2                  ips114_show_float(40, 16*3, ADC_temp[2], 3, 1);
  312   2                  
  313   2                 
  314   2                  ips114_show_string(0, 16*4, "                  ");
  315   2      
  316   2                 
  317   2                  sprintf(disp_buf, "%c <- Back                  ", p[0]); 
  318   2                  ips114_show_string(0, 16*5, disp_buf); 
  319   2                  break;
  320   2                 
  321   2          }
  322   1      }
  323          
  324          
  325          
  326          
  327          
  328          
  329          
  330          
  331          


Module Information          Static   Overlayable
------------------------------------------------
  code size            =      3649     ------
  ecode size           =    ------     ------
  data size            =    ------     ------
  idata size           =    ------     ------
  pdata size           =    ------     ------
  xdata size           =       116     ------
  xdata-const size     =    ------     ------
  edata size           =    ------     ------
  bit size             =    ------     ------
  ebit size            =    ------     ------
  bitaddressable size  =    ------     ------
  ebitaddressable size =    ------     ------
  far data size        =    ------     ------
  huge data size       =    ------     ------
  const size           =    ------     ------
  hconst size          =       514     ------
End of Module Information.


C251 COMPILATION COMPLETE.  0 WARNING(S),  0 ERROR(S)
