C251 COMPILER V5.60.0,  menu                                                               06/05/26  21:07:27  PAGE 1   


C251 COMPILER V5.60.0, COMPILATION OF MODULE menu
OBJECT MODULE PLACED IN .\out_file\menu.obj
COMPILER INVOKED BY: D:\keil_MDK\C251\BIN\C251.EXE menu.c LARGE NOALIAS WARNINGLEVEL(3) OPTIMIZE(0,SIZE) BROWSE INCDIR(.
                    -.\..\libraries\zf_common;..\..\libraries\zf_components;..\..\libraries\zf_device;..\..\libraries\zf_driver;..\user;..\co
                    -de) DEBUG PRINT(.\out_file\menu.lst) TABS(2) OBJECT(.\out_file\menu.obj) 

stmt  level    source

    1          #include "menu.h"
    2          #include "string.h"
    3          
    4          #define MENU_MAIN       0
    5          #define MENU_TUNE_CATE  1
    6          #define MENU_OBSERVE    2
    7          #define MENU_SPEED      3
    8          #define MENU_TURN       4
    9          #define MENU_FORM       5
   10          
   11          uint8 menu_state = MENU_MAIN;
   12          uint8 cursor_index = 0;
   13          uint8 menu_max_items = 3;
   14          
   15          char disp_buf[32];
   16          uint8 car_state = 0;
   17          uint8 start_ramp_flag = 0;
   18          
   19          #define EEPROM_PARAM_ADDR   0x0000
   20          #define EEPROM_INIT_FLAG    0x5A
   21          
   22          void Save_Params_To_EEPROM(void)
   23          {
   24   1          uint8 save_buf[29];
   25   1      
   26   1          save_buf[0] = EEPROM_INIT_FLAG;
   27   1      
   28   1          memcpy(&save_buf[1],  &pid_loop_speed.Kp, 4);
   29   1          memcpy(&save_buf[5],  &pid_loop_speed.Ki, 4);
   30   1          memcpy(&save_buf[9],  &pid_motor_run.Kp,  4);
   31   1          memcpy(&save_buf[13], &pid_motor_run.Kd,  4);
   32   1          memcpy(&save_buf[17], &adc_set_differ.A,  4);
   33   1          memcpy(&save_buf[21], &adc_set_differ.B,  4);
   34   1          memcpy(&save_buf[25], &adc_set_differ.C,  4);
   35   1      
   36   1          extern_iap_write_buff(EEPROM_PARAM_ADDR, save_buf, 29);
   37   1      }
   38          
   39          void Load_Params_From_EEPROM(void)
   40          {
   41   1          uint8 flag = 0;
   42   1      
   43   1          flag = iap_read_byte(EEPROM_PARAM_ADDR);
   44   1      
   45   1          if(flag == EEPROM_INIT_FLAG)
   46   1          {
   47   2              uint8 read_buf[28];
   48   2              iap_read_buff(EEPROM_PARAM_ADDR + 1, read_buf, 28);
   49   2      
   50   2              memcpy(&pid_loop_speed.Kp, &read_buf[0],  4);
   51   2              memcpy(&pid_loop_speed.Ki, &read_buf[4],  4);
   52   2              memcpy(&pid_motor_run.Kp,  &read_buf[8],  4);
   53   2              memcpy(&pid_motor_run.Kd,  &read_buf[12], 4);
   54   2              memcpy(&adc_set_differ.A,  &read_buf[16], 4);
   55   2              memcpy(&adc_set_differ.B,  &read_buf[20], 4);
   56   2              memcpy(&adc_set_differ.C,  &read_buf[24], 4);
   57   2          }
C251 COMPILER V5.60.0,  menu                                                               06/05/26  21:07:27  PAGE 2   

   58   1          else
   59   1          {
   60   2              Save_Params_To_EEPROM();
   61   2          }
   62   1      }
   63          
   64          void Key_Menu_Adjust(void)
   65          {
   66   1          static uint8 key1_last = 1, key2_last = 1, key3_last = 1, key4_last = 1, key5_last = 1;
   67   1          uint8 key1_now, key2_now, key3_now, key4_now, key5_now;
   68   1      
   69   1          key1_now = gpio_get_level(KEY1_PIN);
   70   1          key2_now = gpio_get_level(KEY2_PIN);
   71   1          key3_now = gpio_get_level(KEY3_PIN);
   72   1          key4_now = gpio_get_level(KEY4_PIN);
   73   1          key5_now = gpio_get_level(KEY5_PIN);
   74   1      
   75   1          // KEY5: stop car when running
   76   1          if(car_state == 1 && key5_now == 0 && key5_last == 1)
   77   1          {
   78   2              system_delay_ms(5);
   79   2              if(gpio_get_level(KEY5_PIN) == 0)
   80   2              {
   81   3                  car_state = 0;
   82   3                  start_ramp_flag = 0;
   83   3                  key5_last = key5_now;
   84   3                  return;
   85   3              }
   86   2          }
   87   1      
   88   1          // KEY1: cycle cursor
   89   1          if(key1_now == 0 && key1_last == 1)
   90   1          {
   91   2              system_delay_ms(5);
   92   2              if(gpio_get_level(KEY1_PIN) == 0)
   93   2              {
   94   3                  cursor_index++;
   95   3                  if(cursor_index >= menu_max_items) cursor_index = 0;
   96   3              }
   97   2          }
   98   1      
   99   1          // KEY4: back to parent menu (auto-save in tuning pages)
  100   1          if(key4_now == 0 && key4_last == 1)
  101   1          {
  102   2              system_delay_ms(5);
  103   2              if(gpio_get_level(KEY4_PIN) == 0)
  104   2              {
  105   3                  switch(menu_state)
  106   3                  {
  107   4                      case MENU_MAIN:
  108   4                          break;
  109   4      
  110   4                      case MENU_TUNE_CATE:
  111   4                          menu_state = MENU_MAIN;
  112   4                          cursor_index = 0;
  113   4                          menu_max_items = 3;
  114   4                          break;
  115   4      
  116   4                      case MENU_OBSERVE:
  117   4                          menu_state = MENU_MAIN;
  118   4                          cursor_index = 0;
  119   4                          menu_max_items = 3;
  120   4                          break;
  121   4      
  122   4                      case MENU_SPEED:
  123   4                          Save_Params_To_EEPROM();
C251 COMPILER V5.60.0,  menu                                                               06/05/26  21:07:27  PAGE 3   

  124   4                          menu_state = MENU_TUNE_CATE;
  125   4                          cursor_index = 0;
  126   4                          menu_max_items = 3;
  127   4                          break;
  128   4      
  129   4                      case MENU_TURN:
  130   4                          Save_Params_To_EEPROM();
  131   4                          menu_state = MENU_TUNE_CATE;
  132   4                          cursor_index = 1;
  133   4                          menu_max_items = 3;
  134   4                          break;
  135   4      
  136   4                      case MENU_FORM:
  137   4                          Save_Params_To_EEPROM();
  138   4                          menu_state = MENU_TUNE_CATE;
  139   4                          cursor_index = 2;
  140   4                          menu_max_items = 3;
  141   4                          break;
  142   4                  }
  143   3              }
  144   2          }
  145   1      
  146   1          // KEY2: increase param / cursor up
  147   1          if(key2_now == 0 && key2_last == 1)
  148   1          {
  149   2              system_delay_ms(5);
  150   2              if(gpio_get_level(KEY2_PIN) == 0)
  151   2              {
  152   3                  if(menu_state == MENU_SPEED) {
  153   4                      if(cursor_index == 0) pid_loop_speed.Kp += 1.0f;
  154   4                      if(cursor_index == 1) pid_loop_speed.Ki += 0.01f;
  155   4                  }
  156   3                  else if(menu_state == MENU_TURN) {
  157   4                      if(cursor_index == 0) pid_motor_run.Kp += 0.1f;
  158   4                      if(cursor_index == 1) pid_motor_run.Kd += 0.1f;
  159   4                  }
  160   3                  else if(menu_state == MENU_FORM) {
  161   4                      if(cursor_index == 0) adc_set_differ.A += 0.1f;
  162   4                      if(cursor_index == 1) adc_set_differ.B += 0.1f;
  163   4                      if(cursor_index == 2) adc_set_differ.C += 0.1f;
  164   4                  }
  165   3                  else {
  166   4                      if(cursor_index == 0) cursor_index = menu_max_items - 1;
  167   4                      else cursor_index--;
  168   4                  }
  169   3              }
  170   2          }
  171   1      
  172   1          // KEY3: decrease param
  173   1          if(key3_now == 0 && key3_last == 1)
  174   1          {
  175   2              system_delay_ms(5);
  176   2              if(gpio_get_level(KEY3_PIN) == 0)
  177   2              {
  178   3                  if(menu_state == MENU_SPEED) {
  179   4                      if(cursor_index == 0) { pid_loop_speed.Kp -= 1.0f;  if(pid_loop_speed.Kp < 0) pid_loop_sp
             -eed.Kp = 0; }
  180   4                      if(cursor_index == 1) { pid_loop_speed.Ki -= 0.01f; if(pid_loop_speed.Ki < 0) pid_loop_sp
             -eed.Ki = 0; }
  181   4                  }
  182   3                  else if(menu_state == MENU_TURN) {
  183   4                      if(cursor_index == 0) { pid_motor_run.Kp -= 0.1f; if(pid_motor_run.Kp < 0) pid_motor_run.
             -Kp = 0; }
  184   4                      if(cursor_index == 1) { pid_motor_run.Kd -= 0.1f; if(pid_motor_run.Kd < 0) pid_motor_run.
             -Kd = 0; }
  185   4                  }
C251 COMPILER V5.60.0,  menu                                                               06/05/26  21:07:27  PAGE 4   

  186   3                  else if(menu_state == MENU_FORM) {
  187   4                      if(cursor_index == 0) { adc_set_differ.A -= 0.1f; if(adc_set_differ.A < 0) adc_set_differ
             -.A = 0; }
  188   4                      if(cursor_index == 1) { adc_set_differ.B -= 0.1f; if(adc_set_differ.B < 0) adc_set_differ
             -.B = 0; }
  189   4                      if(cursor_index == 2) { adc_set_differ.C -= 0.1f; if(adc_set_differ.C < 0) adc_set_differ
             -.C = 0; }
  190   4                  }
  191   3              }
  192   2          }
  193   1      
  194   1          // KEY5: confirm / enter / start car
  195   1          if(key5_now == 0 && key5_last == 1)
  196   1          {
  197   2              system_delay_ms(5);
  198   2              if(gpio_get_level(KEY5_PIN) == 0)
  199   2              {
  200   3                  switch(menu_state)
  201   3                  {
  202   4                      case MENU_MAIN:
  203   4                          if(cursor_index == 0) {
  204   5                              car_state = 1;
  205   5                              err_speed_L_last = 0; err_speed_L = 0;
  206   5                              err_speed_R_last = 0; err_speed_R = 0;
  207   5                              out_L = 0; out_R = 0;
  208   5                              direction_err1[0] = 0; direction_err1[1] = 0; direction_err1[2] = 0;
  209   5                              system_delay_ms(1000);
  210   5                              start_ramp_flag = 1;
  211   5                          }
  212   4                          else if(cursor_index == 1) { menu_state = MENU_TUNE_CATE; cursor_index = 0; menu_max_
             -items = 3; }
  213   4                          else if(cursor_index == 2) { menu_state = MENU_OBSERVE;   cursor_index = 0; menu_max_
             -items = 1; }
  214   4                          break;
  215   4      
  216   4                      case MENU_TUNE_CATE:
  217   4                          if(cursor_index == 0)      { menu_state = MENU_SPEED; cursor_index = 0; menu_max_item
             -s = 2; }
  218   4                          else if(cursor_index == 1) { menu_state = MENU_TURN;  cursor_index = 0; menu_max_item
             -s = 2; }
  219   4                          else if(cursor_index == 2) { menu_state = MENU_FORM;  cursor_index = 0; menu_max_item
             -s = 3; }
  220   4                          break;
  221   4      
  222   4                      case MENU_OBSERVE:
  223   4                          break;
  224   4      
  225   4                      case MENU_SPEED:
  226   4                      case MENU_TURN:
  227   4                      case MENU_FORM:
  228   4                          break;
  229   4                  }
  230   3              }
  231   2          }
  232   1      
  233   1          key1_last = key1_now; key2_last = key2_now; key3_last = key3_now; key4_last = key4_now; key5_last = k
             -ey5_now;
  234   1      }
  235          
  236          void UI_Display_Update(void)
  237          {
  238   1          char p[8];
  239   1          uint8 i;
  240   1      
  241   1          if (start_ramp_flag == 1) {
  242   2              ips114_show_string(0, 3*16, "                  ");
C251 COMPILER V5.60.0,  menu                                                               06/05/26  21:07:27  PAGE 5   

  243   2              ips114_show_string(0, 4*16, " >>> RUNNING! >>> ");
  244   2              ips114_show_string(0, 5*16, " PRESS KEY5 STOP  ");
  245   2              return;
  246   2          }
  247   1      
  248   1          for(i=0; i<8; i++) p[i] = ' ';
  249   1          p[cursor_index] = '>';
  250   1      
  251   1          switch(menu_state)
  252   1          {
  253   2              case MENU_MAIN:
  254   2                  sprintf(disp_buf, "%c 1. [START CAR!]  ", p[0]); ips114_show_string(0, 0*16, disp_buf);
  255   2                  sprintf(disp_buf, "%c 2. Params        ", p[1]); ips114_show_string(0, 1*16, disp_buf);
  256   2                  sprintf(disp_buf, "%c 3. Observe       ", p[2]); ips114_show_string(0, 2*16, disp_buf);
  257   2      
  258   2                  ips114_show_string(0, 3*16, "                  ");
  259   2                  ips114_show_string(0, 4*16, "                  ");
  260   2                  ips114_show_string(0, 5*16, "                  ");
  261   2                  ips114_show_string(0, 6*16, "                  ");
  262   2                  break;
  263   2      
  264   2              case MENU_TUNE_CATE:
  265   2                  sprintf(disp_buf, "%c 1. Speed Loop    ", p[0]); ips114_show_string(0, 0*16, disp_buf);
  266   2                  sprintf(disp_buf, "%c 2. Turn Loop     ", p[1]); ips114_show_string(0, 1*16, disp_buf);
  267   2                  sprintf(disp_buf, "%c 3. A    B   C    ", p[2]); ips114_show_string(0, 2*16, disp_buf);
  268   2                  ips114_show_string(0, 3*16, " KEY4: Back        ");
  269   2                  ips114_show_string(0, 4*16, "                  ");
  270   2                  ips114_show_string(0, 5*16, "                  ");
  271   2                  break;
  272   2      
  273   2              case MENU_SPEED:
  274   2                  sprintf(disp_buf, "%c Spd Kp: %.1f     ", p[0], pid_loop_speed.Kp); ips114_show_string(0, 0*1
             -6, disp_buf);
  275   2                  sprintf(disp_buf, "%c Spd Ki: %.2f     ", p[1], pid_loop_speed.Ki); ips114_show_string(0, 1*1
             -6, disp_buf);
  276   2                  ips114_show_string(0, 2*16, " KEY4: Back & Save ");
  277   2                  ips114_show_string(0, 3*16, "                  ");
  278   2                  break;
  279   2      
  280   2              case MENU_TURN:
  281   2                  sprintf(disp_buf, "%c Turn Kp: %.2f    ", p[0], pid_motor_run.Kp);  ips114_show_string(0, 0*1
             -6, disp_buf);
  282   2                  sprintf(disp_buf, "%c Turn Kd: %.2f    ", p[1], pid_motor_run.Kd);  ips114_show_string(0, 1*1
             -6, disp_buf);
  283   2                  ips114_show_string(0, 2*16, " KEY4: Back & Save ");
  284   2                  ips114_show_string(0, 3*16, "                  ");
  285   2                  break;
  286   2      
  287   2              case MENU_FORM:
  288   2                  sprintf(disp_buf, "%c  A: %.1f         ", p[0], adc_set_differ.A);  ips114_show_string(0, 0*1
             -6, disp_buf);
  289   2                  sprintf(disp_buf, "%c  B: %.1f         ", p[1], adc_set_differ.B);  ips114_show_string(0, 1*1
             -6, disp_buf);
  290   2                  sprintf(disp_buf, "%c  C: %.2f         ", p[2], adc_set_differ.C);  ips114_show_string(0, 2*1
             -6, disp_buf);
  291   2                  ips114_show_string(0, 3*16, " KEY4: Back & Save ");
  292   2                  break;
  293   2      
  294   2              case MENU_OBSERVE:
  295   2                  ips114_show_string(10, 16*0, "L :                ");
  296   2                  ips114_show_string(10, 16*1, "LM:                ");
  297   2                  ips114_show_string(10, 16*2, "RM:                ");
  298   2                  ips114_show_string(10, 16*3, "R :                ");
  299   2                  ips114_show_string(10, 16*4, "P :                ");
  300   2      
  301   2                  ips114_show_float(40, 16*0, ADC_temp[0], 3, 1);
C251 COMPILER V5.60.0,  menu                                                               06/05/26  21:07:27  PAGE 6   

  302   2                  ips114_show_float(40, 16*1, ADC_temp[1], 3, 1);
  303   2                  ips114_show_float(40, 16*2, ADC_temp[3], 3, 1);
  304   2                  ips114_show_float(40, 16*3, ADC_temp[2], 3, 1);
  305   2                  ips114_show_float(40, 16*4, pitch, 3, 1);
  306   2      
  307   2                  ips114_show_string(0, 16*5, " KEY4: Back        ");
  308   2                  break;
  309   2          }
  310   1      }


Module Information          Static   Overlayable
------------------------------------------------
  code size            =      3537     ------
  ecode size           =    ------     ------
  data size            =    ------     ------
  idata size           =    ------     ------
  pdata size           =    ------     ------
  xdata size           =       114     ------
  xdata-const size     =    ------     ------
  edata size           =    ------     ------
  bit size             =    ------     ------
  ebit size            =    ------     ------
  bitaddressable size  =    ------     ------
  ebitaddressable size =    ------     ------
  far data size        =    ------     ------
  huge data size       =    ------     ------
  const size           =    ------     ------
  hconst size          =       530     ------
End of Module Information.


C251 COMPILATION COMPLETE.  0 WARNING(S),  0 ERROR(S)
