C251 COMPILER V5.60.0,  motor                                                              17/01/26  21:15:07  PAGE 1   


C251 COMPILER V5.60.0, COMPILATION OF MODULE motor
OBJECT MODULE PLACED IN .\out_file\motor.obj
COMPILER INVOKED BY: D:\keil_MDK\C251\BIN\C251.EXE motor.c LARGE NOALIAS WARNINGLEVEL(3) OPTIMIZE(0,SIZE) BROWSE INCDIR(
                    -..\..\libraries\zf_common;..\..\libraries\zf_components;..\..\libraries\zf_device;..\..\libraries\zf_driver;..\user;..\c
                    -ode) DEBUG PRINT(.\out_file\motor.lst) TABS(2) OBJECT(.\out_file\motor.obj) 

stmt  level    source

    1          #include "motor.h"


Module Information          Static   Overlayable
------------------------------------------------
  code size            =    ------     ------
  ecode size           =    ------     ------
  data size            =    ------     ------
  idata size           =    ------     ------
  pdata size           =    ------     ------
  xdata size           =    ------     ------
  xdata-const size     =    ------     ------
  edata size           =    ------     ------
  bit size             =    ------     ------
  ebit size            =    ------     ------
  bitaddressable size  =    ------     ------
  ebitaddressable size =    ------     ------
  far data size        =    ------     ------
  huge data size       =    ------     ------
  const size           =    ------     ------
  hconst size          =    ------     ------
End of Module Information.


C251 COMPILATION COMPLETE.  0 WARNING(S),  0 ERROR(S)
