C251 COMPILER V5.60.0,  pid                                                                21/01/26  15:36:05  PAGE 1   


C251 COMPILER V5.60.0, COMPILATION OF MODULE pid
OBJECT MODULE PLACED IN .\out_file\pid.obj
COMPILER INVOKED BY: D:\keil_MDK\C251\BIN\C251.EXE pid.c LARGE NOALIAS WARNINGLEVEL(3) OPTIMIZE(0,SIZE) BROWSE INCDIR(..
                    -\..\libraries\zf_common;..\..\libraries\zf_components;..\..\libraries\zf_device;..\..\libraries\zf_driver;..\user;..\cod
                    -e) DEBUG PRINT(.\out_file\pid.lst) TABS(2) OBJECT(.\out_file\pid.obj) 

stmt  level    source

    1          #include "pid.h" 
    2          
    3          //速度环
    4          int16 err_speed=0;
    5          int16 speed_target = 0;
    6          float out_L=0,out_R=0;
    7          struct PID pid_loop_speed = {10,0.005};     
    8          
    9          
   10          
   11          
   12          
   13          
   14          
   15          //直行速度环
   16          void speed_loop(void)
   17          {
   18   1          static int16 last_err_speed=0;
   19   1          static float speed_output=0;//总输出
   20   1        //1-误差计算
   21   1         last_err_speed = err_speed;
   22   1         err_speed = speed_target - speed_avl;
   23   1        
   24   1      //2—增量式PI控制
   25   1          speed_output =  pid_loop_speed.Kp * (err_speed - last_err_speed)
   26   1                        + pid_loop_speed.Ki *  err_speed;
   27   1        
   28   1        //增量
   29   1        if(speed_output>2000 ){speed_output=2000; }
   30   1        if(speed_output<-2000){speed_output=-2000;}
   31   1        
   32   1        //输出
   33   1        out_L += speed_output;
   34   1        out_R = out_L;
   35   1        
   36   1        if(out_L>9900 ){out_L=9900; }
   37   1        if(out_L<-9900){out_L=-9900;}
   38   1        if(out_R>9900 ){out_R=9900; }
   39   1        if(out_R<-9900){out_R=-9900;} 
   40   1      }
   41          
   42          
   43          //左右轮独立速度环测试
   44          void speed_loop_LR(int16 speed_L_t,int16 speed_R_t)
   45          {
   46   1        //0-编码器输入更新
   47   1        static int16 err_speed_L_last=0,err_speed_L=0;
   48   1        static float speed_output_L=0;
   49   1        static int16 err_speed_R_last=0,err_speed_R=0;
   50   1        static float speed_output_R=0;
   51   1        
   52   1        //1-误差计算
   53   1        err_speed_L_last = err_speed_L;
   54   1        err_speed_L = speed_L_t - speed_L;
   55   1        
   56   1        //2-控制
   57   1        speed_output_L = pid_loop_speed.Kp * (err_speed_L - err_speed_L_last)
C251 COMPILER V5.60.0,  pid                                                                21/01/26  15:36:05  PAGE 2   

   58   1                          + pid_loop_speed.Ki * err_speed_L;
   59   1      
   60   1        //增量
   61   1        if(speed_output_L>3000 ){speed_output_L=3000; }
   62   1        if(speed_output_L<-3000){speed_output_L=-3000;}
   63   1        
   64   1        //输出
   65   1        out_L += speed_output_L;
   66   1        
   67   1        
   68   1        
   69   1        //0-编码器输入更新
   70   1        
   71   1        //1-误差计算
   72   1        err_speed_R_last = err_speed_R;
   73   1        err_speed_R = speed_R_t - speed_R;
   74   1        
   75   1        //2-控制
   76   1        speed_output_R =  pid_loop_speed.Kp * (err_speed_R - err_speed_R_last)
   77   1                          + pid_loop_speed.Ki *  err_speed_R;
   78   1      
   79   1        //增量
   80   1        if(speed_output_R>3000 ){speed_output_R=3000; }
   81   1        if(speed_output_R<-3000){speed_output_R=-3000;}
   82   1        
   83   1        //输出
   84   1        out_R += speed_output_R;
   85   1        
   86   1        if(out_L>9900 ){out_L=9900; }
   87   1        if(out_L<-9900){out_L=-9900;}
   88   1        if(out_R>9900 ){out_R=9900; }
   89   1        if(out_R<-9900){out_R=-9900;}
   90   1      }
   91          
   92          
   93          
   94          
   95          
   96          


Module Information          Static   Overlayable
------------------------------------------------
  code size            =      1023     ------
  ecode size           =    ------     ------
  data size            =    ------     ------
  idata size           =    ------     ------
  pdata size           =    ------     ------
  xdata size           =        66     ------
  xdata-const size     =    ------     ------
  edata size           =    ------     ------
  bit size             =    ------     ------
  ebit size            =    ------     ------
  bitaddressable size  =    ------     ------
  ebitaddressable size =    ------     ------
  far data size        =    ------     ------
  huge data size       =    ------     ------
  const size           =    ------     ------
  hconst size          =       123     ------
End of Module Information.


C251 COMPILATION COMPLETE.  0 WARNING(S),  0 ERROR(S)
