C251 COMPILER V5.60.0,  xunji                                                              27/05/26  23:41:33  PAGE 1   


C251 COMPILER V5.60.0, COMPILATION OF MODULE xunji
OBJECT MODULE PLACED IN .\out_file\xunji.obj
COMPILER INVOKED BY: D:\keil_MDK\C251\BIN\C251.EXE xunji.c LARGE NOALIAS WARNINGLEVEL(3) OPTIMIZE(0,SIZE) BROWSE INCDIR(
                    -..\..\libraries\zf_common;..\..\libraries\zf_components;..\..\libraries\zf_device;..\..\libraries\zf_driver;..\user;..\c
                    -ode) DEBUG PRINT(.\out_file\xunji.lst) TABS(2) OBJECT(.\out_file\xunji.obj) 

stmt  level    source

    1          #include "xunji.h"
    2          
    3          static void ringR_task(void);
    4          static void ringR_execute(void);
    5          
    6          int8 element = 0;
    7          int8 ringR_flag_task = 0;
    8          static int8 ringR_flag_execute = 1;
    9          static uint8 ring_flag_ing = 0;
   10          static float distance_ringR = 0;
   11          int16 speed_straight =180;
   12          int16 speed_ringR = 180;
   13          static uint8 ring_data_sent = 0;
   14          static float yaw_start = 0;
   15          static float yaw_last  = 0;
   16          static float yaw_sum   = 0;
   17          float ring_entry_dist = 0;
   18          
   19          #define QQB_slow_dist_target  20000.0f
   20          #define QQB_speed               100
   21          #define QQB_unlock_dist_target 90000.0f
   22          #define QQB_unlock_roll_angle   150.0f
   23          #define ring_roll_max_angle     40.0f
   24          
   25          static float QQB_slow_dist = 0;
   26          static uint8 QQB_detect_enable = 0;
   27          static float QQB_unlock_dist = 0;
   28          static uint8 QQB_roll_latch = 1;
   29          
   30          void xunji(void)
   31          {
   32   1        
   33   1      
   34   1          if (imu660rc_roll < ring_roll_max_angle && imu660rc_roll > 0)
   35   1              QQB_roll_latch = 0;
   36   1      
   37   1          if (element == 0 && QQB_detect_enable == 0)
   38   1          {
   39   2              if (QQB_unlock_dist > 0)
   40   2              {
   41   3                  QQB_unlock_dist += speed_avl;
   42   3                  if (QQB_unlock_dist >= QQB_unlock_dist_target)
   43   3                  {
   44   4                      QQB_unlock_dist = 0;
   45   4                      QQB_slow_dist = 0;
   46   4                      element = 2;
   47   4                      return;
   48   4                  }
   49   3              }
   50   2              else if (QQB_roll_latch == 0 && imu660rc_roll > QQB_unlock_roll_angle)
   51   2              {
   52   3                  QQB_unlock_dist = 1;
   53   3                  QQB_roll_latch = 1;
   54   3                  xunji_debug_roll = imu660rc_roll;
   55   3                  xunji_debug_event = 5;
   56   3                  return;
   57   3              }
C251 COMPILER V5.60.0,  xunji                                                              27/05/26  23:41:33  PAGE 2   

   58   2          }
   59   1      if (element == 0&& L + R > 115 && LM+RM<30 && ring_flag_ing == 0)//环岛判断
   60   1          {
   61   2            dl1a_get_distance();
   62   2            if(dl1a_distance_mm >4000&&dl1a_distance_mm <8500)
   63   2            {
   64   3                  element = 1;
   65   3                  ringR_flag_task = 1;
   66   3                  ringR_flag_execute = 1;
   67   3                  ring_flag_ing = 200;
   68   3                  yaw_start = imu660rc_yaw;
   69   3                  yaw_last  = imu660rc_yaw;
   70   3                  yaw_sum   = 0;
   71   3                  ring_entry_dist = 0;
   72   3            }
   73   2          }
   74   1      
   75   1          if (L + LM + RM + R < 10)//出街保护
   76   1          {
   77   2              element = 9;
   78   2          }
   79   1      
   80   1          switch (element)
   81   1          {
   82   2          case 0:
   83   2              ring_data_sent = 0;
   84   2              speed_target = speed_straight;
   85   2              speed_loop_LR(speed_target + correct_L, speed_target - correct_L);
   86   2              set_pwm_motor_R(out_R);
   87   2              set_pwm_motor_L(out_L);
   88   2      
   89   2              if (ring_flag_ing > 0)
   90   2                  ring_flag_ing--;
   91   2              break;
   92   2      
   93   2          case 1:
   94   2              if (ring_data_sent == 0)
   95   2              {
   96   3                  xunji_debug_L = L;
   97   3                  xunji_debug_LM = LM;
   98   3                  xunji_debug_RM = RM;
   99   3                  xunji_debug_R = R;
  100   3                  xunji_debug_roll = imu660rc_roll;
  101   3                  xunji_debug_distance = dl1a_distance_mm;
  102   3                  xunji_debug_event = 2;
  103   3                  ring_data_sent = 1;
  104   3              }
  105   2              ringR_task();
  106   2              ringR_execute();
  107   2              break;
  108   2      
  109   2          case 2:
  110   2              speed_target = QQB_speed;
  111   2              speed_loop_LR(speed_target + correct_L, speed_target - correct_L);
  112   2              set_pwm_motor_R(out_R);
  113   2              set_pwm_motor_L(out_L);
  114   2      
  115   2              QQB_slow_dist += speed_avl;
  116   2              if (QQB_slow_dist >= QQB_slow_dist_target)//减速一段距离后回归循迹
  117   2              {
  118   3                  QQB_slow_dist = 0;
  119   3                  element = 0;
  120   3              }
  121   2              break;
  122   2      
  123   2          case 9:
C251 COMPILER V5.60.0,  xunji                                                              27/05/26  23:41:33  PAGE 3   

  124   2              start_ramp_flag = 0;
  125   2              break;
  126   2      
  127   2          default:
  128   2              break;
  129   2          }
  130   1      }
  131          
  132          static void ringR_task(void)
  133          {
  134   1          switch (ringR_flag_task)
  135   1          {
  136   2          case 1:
  137   2              {
  138   3                  float dyaw = imu660rc_yaw - yaw_last;
  139   3                  yaw_last = imu660rc_yaw;
  140   3                  if (dyaw >  180) dyaw -= 360;
  141   3                  if (dyaw < -180) dyaw += 360;
  142   3                  yaw_sum += fabs(dyaw);
  143   3                  if (yaw_sum > 270)
  144   3                  {
  145   4                      ringR_flag_task = 4;
  146   4                      ringR_flag_execute = 4;
  147   4                      distance_ringR = 0;
  148   4                      yaw_sum = 0;
  149   4                      gpio_set_level(IO_P52, 0);
  150   4                  }
  151   3              }
  152   2              break;
  153   2      
  154   2          case 4:
  155   2              distance_ringR += speed_avl;
  156   2              if (distance_ringR > 45000)
  157   2              {
  158   3                  distance_ringR = 0;
  159   3                  ringR_flag_task = 0;
  160   3                  ringR_flag_execute = 1;
  161   3                  element = 0;
  162   3              }
  163   2              break;
  164   2      
  165   2          default:
  166   2              break;
  167   2          }
  168   1      }
  169          
  170          static void ringR_execute(void)
  171          {
  172   1          float target_L = 0;
  173   1          float target_R = 0;
  174   1      
  175   1          switch (ringR_flag_execute)
  176   1          {
  177   2          case 1:
  178   2              speed_target = speed_ringR;
  179   2              target_L = speed_target + correct_L;
  180   2              target_R = speed_target - correct_L;
  181   2              break;
  182   2      
  183   2          case 4:
  184   2              speed_target = speed_ringR;
  185   2              target_L = speed_target + correct_L;
  186   2              target_R = speed_target - correct_L;
  187   2              break;
  188   2      
  189   2          default:
C251 COMPILER V5.60.0,  xunji                                                              27/05/26  23:41:33  PAGE 4   

  190   2              break;
  191   2          }
  192   1      
  193   1          if (ringR_flag_execute != 0)
  194   1          {
  195   2              speed_loop_LR(target_L, target_R);
  196   2              set_pwm_motor_R(out_R);
  197   2              set_pwm_motor_L(out_L);
  198   2              if (L + LM + RM + R < 10)
  199   2                  start_ramp_flag = 0;
  200   2          }
  201   1      }


Module Information          Static   Overlayable
------------------------------------------------
  code size            =      1735     ------
  ecode size           =    ------     ------
  data size            =    ------     ------
  idata size           =    ------     ------
  pdata size           =    ------     ------
  xdata size           =        51     ------
  xdata-const size     =    ------     ------
  edata size           =    ------     ------
  bit size             =    ------     ------
  ebit size            =    ------     ------
  bitaddressable size  =    ------     ------
  ebitaddressable size =    ------     ------
  far data size        =    ------     ------
  huge data size       =    ------     ------
  const size           =    ------     ------
  hconst size          =       119     ------
End of Module Information.


C251 COMPILATION COMPLETE.  0 WARNING(S),  0 ERROR(S)
