C251 COMPILER V5.60.0,  xunji                                                              11/05/26  21:31:09  PAGE 1   


C251 COMPILER V5.60.0, COMPILATION OF MODULE xunji
OBJECT MODULE PLACED IN .\out_file\xunji.obj
COMPILER INVOKED BY: D:\keil_MDK\C251\BIN\C251.EXE xunji.c LARGE NOALIAS WARNINGLEVEL(3) OPTIMIZE(0,SIZE) BROWSE INCDIR(
                    -..\..\libraries\zf_common;..\..\libraries\zf_components;..\..\libraries\zf_device;..\..\libraries\zf_driver;..\user;..\c
                    -ode) DEBUG PRINT(.\out_file\xunji.lst) TABS(2) OBJECT(.\out_file\xunji.obj) 

stmt  level    source

    1          #include "xunji.h"
    2          
    3          static void ringR_task(void);
    4          static void ringR_execute(void);
    5          
    6          int8 element = 0;
    7          int8 ringR_flag_task = 0;
    8          static int8 ringR_flag_execute = 1;
    9          static uint8 ring_flag_ing = 0;
   10          static float distance_ringR = 0;
   11          int16 speed_straight = 230;
   12          int16 speed_ringR = 215;
   13          static uint8 ring_data_sent = 0;
   14          
   15          void xunji(void)
   16          {
   17   1        
   18   1      
   19   1        if (L + LM > 100 && dl1a_distance_mm > 4000 && ring_flag_ing == 0)
   20   1        {
   21   2          element = 1;
   22   2          ringR_flag_task = 1;
   23   2          ring_flag_ing = 200;
   24   2          angle_clear();
   25   2        }           
   26   1      
   27   1        if (L + LM + RM + R < 30)
   28   1        {
   29   2          element = 9;
   30   2        }
   31   1      
   32   1        switch (element)
   33   1        {
   34   2        case 0:
   35   2          ring_data_sent = 0;
   36   2          speed_target = speed_straight;
   37   2          speed_loop_LR(speed_target + correct_L, speed_target - correct_L);
   38   2          set_pwm_motor_R(out_R);
   39   2          set_pwm_motor_L(out_L);
   40   2      
   41   2          if (ring_flag_ing > 0)
   42   2          {
   43   3            ring_flag_ing--;
   44   3          }
   45   2          break;
   46   2      
   47   2        case 1:
   48   2          if (ring_data_sent == 0)
   49   2          {
   50   3      //      char buf[64];
   51   3      //      sprintf(buf, "L:%f,LM:%f,RM:%f,R:%f,pitch:%f\r\n",L,LM,RM,R,pitch); 
   52   3      //      wireless_uart_send_string(buf);
   53   3            ring_data_sent = 1;
   54   3          }
   55   2          ringR_task();
   56   2          ringR_execute();
   57   2          break;
C251 COMPILER V5.60.0,  xunji                                                              11/05/26  21:31:09  PAGE 2   

   58   2      
   59   2        case 9:
   60   2          start_ramp_flag = 0;
   61   2          break;
   62   2      
   63   2        default:
   64   2          break;
   65   2        }
   66   1      }
   67          
   68          static void ringR_task(void)
   69          {
   70   1        switch (ringR_flag_task)
   71   1        {
   72   2        case 1:
   73   2          angle_get();
   74   2          if (angle_z < -260)
   75   2          {
   76   3            ringR_flag_task = 4;
   77   3            ringR_flag_execute = 4;
   78   3            distance_ringR = 0;
   79   3          }
   80   2          break;
   81   2      
   82   2        case 4:
   83   2          distance_ringR += speed_avl;
   84   2          if (distance_ringR > 30000)
   85   2          {
   86   3            distance_ringR = 0;
   87   3            ringR_flag_task = 0;
   88   3            ringR_flag_execute = 1;
   89   3            element = 0;
   90   3          }
   91   2          break;
   92   2      
   93   2        default:
   94   2          break;
   95   2        }
   96   1      }
   97          
   98          static void ringR_execute(void)
   99          {
  100   1        float target_L = 0;
  101   1        float target_R = 0;
  102   1      
  103   1        switch (ringR_flag_execute)
  104   1        {
  105   2        case 1:
  106   2          speed_target = speed_ringR;
  107   2          target_L = speed_target + correct_L;
  108   2          target_R = speed_target - correct_L;
  109   2          break;
  110   2      
  111   2        case 4:
  112   2          speed_target = speed_ringR;
  113   2          target_L = speed_target + correct_L;
  114   2          target_R = speed_target - correct_L;
  115   2          break;
  116   2      
  117   2        default:
  118   2          break;
  119   2        }
  120   1      
  121   1        if (ringR_flag_execute != 0)
  122   1        {
  123   2          speed_loop_LR(target_L, target_R);
C251 COMPILER V5.60.0,  xunji                                                              11/05/26  21:31:09  PAGE 3   

  124   2          set_pwm_motor_R(out_R);
  125   2          set_pwm_motor_L(out_L);
  126   2        if (L + LM + RM + R < 30)
  127   2          {
  128   3            start_ramp_flag = 0;
  129   3          }
  130   2        }
  131   1      }


Module Information          Static   Overlayable
------------------------------------------------
  code size            =       831     ------
  ecode size           =    ------     ------
  data size            =    ------     ------
  idata size           =    ------     ------
  pdata size           =    ------     ------
  xdata size           =        21     ------
  xdata-const size     =    ------     ------
  edata size           =    ------     ------
  bit size             =    ------     ------
  ebit size            =    ------     ------
  bitaddressable size  =    ------     ------
  ebitaddressable size =    ------     ------
  far data size        =    ------     ------
  huge data size       =    ------     ------
  const size           =    ------     ------
  hconst size          =        53     ------
End of Module Information.


C251 COMPILATION COMPLETE.  0 WARNING(S),  0 ERROR(S)
